Archive member included because of file (symbol)

X:\rmc\CMSIS_CORE_LPC177x_8x\Debug\libCMSIS_CORE_LPC177x_8x.a(system_LPC177x_8x.o)
                              ./src/cr_startup_lpc177x_8x.o (SystemInit)
c:/nxp/lpcxpresso_6.0.2_151/lpcxpresso/tools/bin/../lib/gcc/arm-none-eabi/4.6.2/../../../../arm-none-eabi/lib/armv7-m\libcr_nohost.a(_cr__main.o)
                              ./src/cr_startup_lpc177x_8x.o (__main)
c:/nxp/lpcxpresso_6.0.2_151/lpcxpresso/tools/bin/../lib/gcc/arm-none-eabi/4.6.2/../../../../arm-none-eabi/lib/armv7-m\libcr_c.a(memcpy.o)
                              ./src/uart.o (memcpy)
c:/nxp/lpcxpresso_6.0.2_151/lpcxpresso/tools/bin/../lib/gcc/arm-none-eabi/4.6.2/../../../../arm-none-eabi/lib/armv7-m\libcr_c.a(initio.o)
                              c:/nxp/lpcxpresso_6.0.2_151/lpcxpresso/tools/bin/../lib/gcc/arm-none-eabi/4.6.2/../../../../arm-none-eabi/lib/armv7-m\libcr_nohost.a(_cr__main.o) (_initio)
c:/nxp/lpcxpresso_6.0.2_151/lpcxpresso/tools/bin/../lib/gcc/arm-none-eabi/4.6.2/../../../../arm-none-eabi/lib/armv7-m\libcr_c.a(setvbuf.o)
                              c:/nxp/lpcxpresso_6.0.2_151/lpcxpresso/tools/bin/../lib/gcc/arm-none-eabi/4.6.2/../../../../arm-none-eabi/lib/armv7-m\libcr_c.a(initio.o) (setvbuf)
c:/nxp/lpcxpresso_6.0.2_151/lpcxpresso/tools/bin/../lib/gcc/arm-none-eabi/4.6.2/../../../../arm-none-eabi/lib/armv7-m\libcr_c.a(stdio.o)
                              c:/nxp/lpcxpresso_6.0.2_151/lpcxpresso/tools/bin/../lib/gcc/arm-none-eabi/4.6.2/../../../../arm-none-eabi/lib/armv7-m\libcr_c.a(initio.o) (__Ciob)
c:/nxp/lpcxpresso_6.0.2_151/lpcxpresso/tools/bin/../lib/gcc/arm-none-eabi/4.6.2/../../../../arm-none-eabi/lib/armv7-m\libcr_c.a(memset.o)
                              c:/nxp/lpcxpresso_6.0.2_151/lpcxpresso/tools/bin/../lib/gcc/arm-none-eabi/4.6.2/../../../../arm-none-eabi/lib/armv7-m\libcr_c.a(initio.o) (memset)
c:/nxp/lpcxpresso_6.0.2_151/lpcxpresso/tools/bin/../lib/gcc/arm-none-eabi/4.6.2/../../../../arm-none-eabi/lib/armv7-m\libcr_c.a(__fillbuf.o)
                              c:/nxp/lpcxpresso_6.0.2_151/lpcxpresso/tools/bin/../lib/gcc/arm-none-eabi/4.6.2/../../../../arm-none-eabi/lib/armv7-m\libcr_c.a(stdio.o) (__filbuf)
c:/nxp/lpcxpresso_6.0.2_151/lpcxpresso/tools/bin/../lib/gcc/arm-none-eabi/4.6.2/../../../../arm-none-eabi/lib/armv7-m\libcr_c.a(_deferredlazyseek.o)
                              c:/nxp/lpcxpresso_6.0.2_151/lpcxpresso/tools/bin/../lib/gcc/arm-none-eabi/4.6.2/../../../../arm-none-eabi/lib/armv7-m\libcr_c.a(__fillbuf.o) (_deferredlazyseek)
c:/nxp/lpcxpresso_6.0.2_151/lpcxpresso/tools/bin/../lib/gcc/arm-none-eabi/4.6.2/../../../../arm-none-eabi/lib/armv7-m\libcr_c.a(_fdopen.o)
                              c:/nxp/lpcxpresso_6.0.2_151/lpcxpresso/tools/bin/../lib/gcc/arm-none-eabi/4.6.2/../../../../arm-none-eabi/lib/armv7-m\libcr_c.a(initio.o) (_fdopen)
c:/nxp/lpcxpresso_6.0.2_151/lpcxpresso/tools/bin/../lib/gcc/arm-none-eabi/4.6.2/../../../../arm-none-eabi/lib/armv7-m\libcr_c.a(_fflush.o)
                              c:/nxp/lpcxpresso_6.0.2_151/lpcxpresso/tools/bin/../lib/gcc/arm-none-eabi/4.6.2/../../../../arm-none-eabi/lib/armv7-m\libcr_c.a(__fillbuf.o) (_fflush)
c:/nxp/lpcxpresso_6.0.2_151/lpcxpresso/tools/bin/../lib/gcc/arm-none-eabi/4.6.2/../../../../arm-none-eabi/lib/armv7-m\libcr_c.a(_writebuf.o)
                              c:/nxp/lpcxpresso_6.0.2_151/lpcxpresso/tools/bin/../lib/gcc/arm-none-eabi/4.6.2/../../../../arm-none-eabi/lib/armv7-m\libcr_c.a(_deferredlazyseek.o) (_Cwritebuf)
c:/nxp/lpcxpresso_6.0.2_151/lpcxpresso/tools/bin/../lib/gcc/arm-none-eabi/4.6.2/../../../../arm-none-eabi/lib/armv7-m\libcr_c.a(alloc.o)
                              c:/nxp/lpcxpresso_6.0.2_151/lpcxpresso/tools/bin/../lib/gcc/arm-none-eabi/4.6.2/../../../../arm-none-eabi/lib/armv7-m\libcr_c.a(initio.o) (_Csys_alloc)
c:/nxp/lpcxpresso_6.0.2_151/lpcxpresso/tools/bin/../lib/gcc/arm-none-eabi/4.6.2/../../../../arm-none-eabi/lib/armv7-m\libcr_c.a(fclose.o)
                              c:/nxp/lpcxpresso_6.0.2_151/lpcxpresso/tools/bin/../lib/gcc/arm-none-eabi/4.6.2/../../../../arm-none-eabi/lib/armv7-m\libcr_c.a(initio.o) (fclose)
c:/nxp/lpcxpresso_6.0.2_151/lpcxpresso/tools/bin/../lib/gcc/arm-none-eabi/4.6.2/../../../../arm-none-eabi/lib/armv7-m\libcr_c.a(fflush.o)
                              c:/nxp/lpcxpresso_6.0.2_151/lpcxpresso/tools/bin/../lib/gcc/arm-none-eabi/4.6.2/../../../../arm-none-eabi/lib/armv7-m\libcr_c.a(fclose.o) (fflush)
c:/nxp/lpcxpresso_6.0.2_151/lpcxpresso/tools/bin/../lib/gcc/arm-none-eabi/4.6.2/../../../../arm-none-eabi/lib/armv7-m\libcr_c.a(fseek.o)
                              c:/nxp/lpcxpresso_6.0.2_151/lpcxpresso/tools/bin/../lib/gcc/arm-none-eabi/4.6.2/../../../../arm-none-eabi/lib/armv7-m\libcr_c.a(_deferredlazyseek.o) (fseek)
c:/nxp/lpcxpresso_6.0.2_151/lpcxpresso/tools/bin/../lib/gcc/arm-none-eabi/4.6.2/../../../../arm-none-eabi/lib/armv7-m\libcr_c.a(ftell.o)
                              c:/nxp/lpcxpresso_6.0.2_151/lpcxpresso/tools/bin/../lib/gcc/arm-none-eabi/4.6.2/../../../../arm-none-eabi/lib/armv7-m\libcr_c.a(fseek.o) (ftell)
c:/nxp/lpcxpresso_6.0.2_151/lpcxpresso/tools/bin/../lib/gcc/arm-none-eabi/4.6.2/../../../../arm-none-eabi/lib/armv7-m\libcr_c.a(remove.o)
                              c:/nxp/lpcxpresso_6.0.2_151/lpcxpresso/tools/bin/../lib/gcc/arm-none-eabi/4.6.2/../../../../arm-none-eabi/lib/armv7-m\libcr_c.a(fclose.o) (remove)
c:/nxp/lpcxpresso_6.0.2_151/lpcxpresso/tools/bin/../lib/gcc/arm-none-eabi/4.6.2/../../../../arm-none-eabi/lib/armv7-m\libcr_c.a(strlen.o)
                              c:/nxp/lpcxpresso_6.0.2_151/lpcxpresso/tools/bin/../lib/gcc/arm-none-eabi/4.6.2/../../../../arm-none-eabi/lib/armv7-m\libcr_c.a(remove.o) (strlen)
c:/nxp/lpcxpresso_6.0.2_151/lpcxpresso/tools/bin/../lib/gcc/arm-none-eabi/4.6.2/../../../../arm-none-eabi/lib/armv7-m\libcr_c.a(__init_alloc.o)
                              c:/nxp/lpcxpresso_6.0.2_151/lpcxpresso/tools/bin/../lib/gcc/arm-none-eabi/4.6.2/../../../../arm-none-eabi/lib/armv7-m\libcr_c.a(alloc.o) (__heaps)
c:/nxp/lpcxpresso_6.0.2_151/lpcxpresso/tools/bin/../lib/gcc/arm-none-eabi/4.6.2/../../../../arm-none-eabi/lib/armv7-m\libcr_c.a(_do_fflush.o)
                              c:/nxp/lpcxpresso_6.0.2_151/lpcxpresso/tools/bin/../lib/gcc/arm-none-eabi/4.6.2/../../../../arm-none-eabi/lib/armv7-m\libcr_c.a(fflush.o) (_do_fflush)
c:/nxp/lpcxpresso_6.0.2_151/lpcxpresso/tools/bin/../lib/gcc/arm-none-eabi/4.6.2/../../../../arm-none-eabi/lib/armv7-m\libcr_c.a(errno.o)
                              c:/nxp/lpcxpresso_6.0.2_151/lpcxpresso/tools/bin/../lib/gcc/arm-none-eabi/4.6.2/../../../../arm-none-eabi/lib/armv7-m\libcr_c.a(ftell.o) (errno)
c:/nxp/lpcxpresso_6.0.2_151/lpcxpresso/tools/bin/../lib/gcc/arm-none-eabi/4.6.2/armv7-m\libcr_eabihelpers.a(memcpy.o)
                              c:/nxp/lpcxpresso_6.0.2_151/lpcxpresso/tools/bin/../lib/gcc/arm-none-eabi/4.6.2/../../../../arm-none-eabi/lib/armv7-m\libcr_c.a(memcpy.o) (__aeabi_memcpy)
c:/nxp/lpcxpresso_6.0.2_151/lpcxpresso/tools/bin/../lib/gcc/arm-none-eabi/4.6.2/../../../../arm-none-eabi/lib/armv7-m\libcr_nohost.a(__sys_appexit.o)
                              c:/nxp/lpcxpresso_6.0.2_151/lpcxpresso/tools/bin/../lib/gcc/arm-none-eabi/4.6.2/../../../../arm-none-eabi/lib/armv7-m\libcr_c.a(alloc.o) (__sys_appexit)
c:/nxp/lpcxpresso_6.0.2_151/lpcxpresso/tools/bin/../lib/gcc/arm-none-eabi/4.6.2/../../../../arm-none-eabi/lib/armv7-m\libcr_nohost.a(__sys_close.o)
                              c:/nxp/lpcxpresso_6.0.2_151/lpcxpresso/tools/bin/../lib/gcc/arm-none-eabi/4.6.2/../../../../arm-none-eabi/lib/armv7-m\libcr_c.a(fclose.o) (__sys_close)
c:/nxp/lpcxpresso_6.0.2_151/lpcxpresso/tools/bin/../lib/gcc/arm-none-eabi/4.6.2/../../../../arm-none-eabi/lib/armv7-m\libcr_nohost.a(__sys_flen.o)
                              c:/nxp/lpcxpresso_6.0.2_151/lpcxpresso/tools/bin/../lib/gcc/arm-none-eabi/4.6.2/../../../../arm-none-eabi/lib/armv7-m\libcr_c.a(_writebuf.o) (__sys_flen)
c:/nxp/lpcxpresso_6.0.2_151/lpcxpresso/tools/bin/../lib/gcc/arm-none-eabi/4.6.2/../../../../arm-none-eabi/lib/armv7-m\libcr_nohost.a(__sys_istty.o)
                              c:/nxp/lpcxpresso_6.0.2_151/lpcxpresso/tools/bin/../lib/gcc/arm-none-eabi/4.6.2/../../../../arm-none-eabi/lib/armv7-m\libcr_c.a(_deferredlazyseek.o) (__sys_istty)
c:/nxp/lpcxpresso_6.0.2_151/lpcxpresso/tools/bin/../lib/gcc/arm-none-eabi/4.6.2/../../../../arm-none-eabi/lib/armv7-m\libcr_nohost.a(__sys_read.o)
                              c:/nxp/lpcxpresso_6.0.2_151/lpcxpresso/tools/bin/../lib/gcc/arm-none-eabi/4.6.2/../../../../arm-none-eabi/lib/armv7-m\libcr_c.a(__fillbuf.o) (__sys_read)
c:/nxp/lpcxpresso_6.0.2_151/lpcxpresso/tools/bin/../lib/gcc/arm-none-eabi/4.6.2/../../../../arm-none-eabi/lib/armv7-m\libcr_nohost.a(__sys_remove.o)
                              c:/nxp/lpcxpresso_6.0.2_151/lpcxpresso/tools/bin/../lib/gcc/arm-none-eabi/4.6.2/../../../../arm-none-eabi/lib/armv7-m\libcr_c.a(remove.o) (__sys_remove)
c:/nxp/lpcxpresso_6.0.2_151/lpcxpresso/tools/bin/../lib/gcc/arm-none-eabi/4.6.2/../../../../arm-none-eabi/lib/armv7-m\libcr_nohost.a(__sys_rename.o)
                              c:/nxp/lpcxpresso_6.0.2_151/lpcxpresso/tools/bin/../lib/gcc/arm-none-eabi/4.6.2/../../../../arm-none-eabi/lib/armv7-m\libcr_c.a(remove.o) (__sys_rename)
c:/nxp/lpcxpresso_6.0.2_151/lpcxpresso/tools/bin/../lib/gcc/arm-none-eabi/4.6.2/../../../../arm-none-eabi/lib/armv7-m\libcr_nohost.a(__sys_seek.o)
                              c:/nxp/lpcxpresso_6.0.2_151/lpcxpresso/tools/bin/../lib/gcc/arm-none-eabi/4.6.2/../../../../arm-none-eabi/lib/armv7-m\libcr_c.a(__fillbuf.o) (__sys_seek)
c:/nxp/lpcxpresso_6.0.2_151/lpcxpresso/tools/bin/../lib/gcc/arm-none-eabi/4.6.2/../../../../arm-none-eabi/lib/armv7-m\libcr_nohost.a(__sys_tmpnam.o)
                              c:/nxp/lpcxpresso_6.0.2_151/lpcxpresso/tools/bin/../lib/gcc/arm-none-eabi/4.6.2/../../../../arm-none-eabi/lib/armv7-m\libcr_c.a(fclose.o) (__sys_tmpnam)
c:/nxp/lpcxpresso_6.0.2_151/lpcxpresso/tools/bin/../lib/gcc/arm-none-eabi/4.6.2/../../../../arm-none-eabi/lib/armv7-m\libcr_nohost.a(_cr_sbrk.o)
                              c:/nxp/lpcxpresso_6.0.2_151/lpcxpresso/tools/bin/../lib/gcc/arm-none-eabi/4.6.2/../../../../arm-none-eabi/lib/armv7-m\libcr_c.a(alloc.o) (_sbrk)
c:/nxp/lpcxpresso_6.0.2_151/lpcxpresso/tools/bin/../lib/gcc/arm-none-eabi/4.6.2/../../../../arm-none-eabi/lib/armv7-m\libcr_nohost.a(_cr_check_heap.o)
                              c:/nxp/lpcxpresso_6.0.2_151/lpcxpresso/tools/bin/../lib/gcc/arm-none-eabi/4.6.2/../../../../arm-none-eabi/lib/armv7-m\libcr_nohost.a(_cr_sbrk.o) (__check_heap_overflow)

Allocating common symbols
Common symbol       size              file

_extra              0x4               c:/nxp/lpcxpresso_6.0.2_151/lpcxpresso/tools/bin/../lib/gcc/arm-none-eabi/4.6.2/../../../../arm-none-eabi/lib/armv7-m\libcr_c.a(initio.o)
__heaps             0x4               c:/nxp/lpcxpresso_6.0.2_151/lpcxpresso/tools/bin/../lib/gcc/arm-none-eabi/4.6.2/../../../../arm-none-eabi/lib/armv7-m\libcr_c.a(__init_alloc.o)
__end_of_heap       0x4               c:/nxp/lpcxpresso_6.0.2_151/lpcxpresso/tools/bin/../lib/gcc/arm-none-eabi/4.6.2/../../../../arm-none-eabi/lib/armv7-m\libcr_c.a(__init_alloc.o)
__Ciob              0x140             c:/nxp/lpcxpresso_6.0.2_151/lpcxpresso/tools/bin/../lib/gcc/arm-none-eabi/4.6.2/../../../../arm-none-eabi/lib/armv7-m\libcr_c.a(stdio.o)

Discarded input sections

 .text          0x00000000        0x0 ./src/cr_startup_lpc177x_8x.o
 .data          0x00000000        0x0 ./src/cr_startup_lpc177x_8x.o
 .bss           0x00000000        0x0 ./src/cr_startup_lpc177x_8x.o
 .text          0x00000000        0x0 ./src/crp.o
 .data          0x00000000        0x0 ./src/crp.o
 .bss           0x00000000        0x0 ./src/crp.o
 .text          0x00000000        0x0 ./src/gpio.o
 .data          0x00000000        0x0 ./src/gpio.o
 .bss           0x00000000        0x0 ./src/gpio.o
 .text.GPIOSetValue
                0x00000000      0x174 ./src/gpio.o
 .text.GPIOSetDir
                0x00000000      0x3c8 ./src/gpio.o
 .text.GPIOGetValue
                0x00000000       0x3c ./src/gpio.o
 .text          0x00000000        0x0 ./src/main.o
 .data          0x00000000        0x0 ./src/main.o
 .bss           0x00000000        0x0 ./src/main.o
 .text          0x00000000        0x0 ./src/retarget.o
 .data          0x00000000        0x0 ./src/retarget.o
 .bss           0x00000000        0x0 ./src/retarget.o
 .text.__sys_readc
                0x00000000       0x20 ./src/retarget.o
 .text          0x00000000        0x0 ./src/uart.o
 .data          0x00000000        0x0 ./src/uart.o
 .bss           0x00000000        0x0 ./src/uart.o
 .text.NVIC_EnableIRQ
                0x00000000       0x38 ./src/uart.o
 .text.NVIC_SetPriority
                0x00000000       0x5c ./src/uart.o
 .bss.uartDma   0x00000000      0x1a4 ./src/uart.o
 .text.uart2Init
                0x00000000       0xe0 ./src/uart.o
 .text.uart0Rx  0x00000000       0x60 ./src/uart.o
 .text.uart2Tx  0x00000000       0x5c ./src/uart.o
 .text.uart2Rx  0x00000000       0x60 ./src/uart.o
 .text.uart0InitIrq
                0x00000000      0x168 ./src/uart.o
 .text.uart2InitIrq
                0x00000000      0x15c ./src/uart.o
 .text.uart0EnableIrqTx
                0x00000000       0x30 ./src/uart.o
 .text.uart2EnableIrqTx
                0x00000000       0x30 ./src/uart.o
 .text.uart0DisableIrqTx
                0x00000000       0x24 ./src/uart.o
 .text.uart2DisableIrqTx
                0x00000000       0x24 ./src/uart.o
 .text.uart0EnableIrqRx
                0x00000000       0x24 ./src/uart.o
 .text.uart2EnableIrqRx
                0x00000000       0x24 ./src/uart.o
 .text.uart0InitDma
                0x00000000      0x500 ./src/uart.o
 .text.uart2InitDma
                0x00000000      0x1cc ./src/uart.o
 .text.uart0DmaTx
                0x00000000       0x44 ./src/uart.o
 .text.uart0DmaRx
                0x00000000       0x48 ./src/uart.o
 .text.uart2DmaTx
                0x00000000       0x64 ./src/uart.o
 .text.uart2DmaRx
                0x00000000       0x64 ./src/uart.o
 .text.uart0PutChar
                0x00000000       0x38 ./src/uart.o
 .text.uart2PutChar
                0x00000000       0x38 ./src/uart.o
 .text.u0DmaEndRx
                0x00000000       0x38 ./src/uart.o
 .text.dummyService
                0x00000000        0xc ./src/uart.o
 .text          0x00000000        0x0 X:\rmc\CMSIS_CORE_LPC177x_8x\Debug\libCMSIS_CORE_LPC177x_8x.a(system_LPC177x_8x.o)
 .data          0x00000000        0x0 X:\rmc\CMSIS_CORE_LPC177x_8x\Debug\libCMSIS_CORE_LPC177x_8x.a(system_LPC177x_8x.o)
 .bss           0x00000000        0x0 X:\rmc\CMSIS_CORE_LPC177x_8x\Debug\libCMSIS_CORE_LPC177x_8x.a(system_LPC177x_8x.o)
 .text.SystemCoreClockUpdate
                0x00000000      0x164 X:\rmc\CMSIS_CORE_LPC177x_8x\Debug\libCMSIS_CORE_LPC177x_8x.a(system_LPC177x_8x.o)
 .data.USBClock
                0x00000000        0x4 X:\rmc\CMSIS_CORE_LPC177x_8x\Debug\libCMSIS_CORE_LPC177x_8x.a(system_LPC177x_8x.o)
 .data.EMCClock
                0x00000000        0x4 X:\rmc\CMSIS_CORE_LPC177x_8x\Debug\libCMSIS_CORE_LPC177x_8x.a(system_LPC177x_8x.o)
 .data.PeripheralClock
                0x00000000        0x4 X:\rmc\CMSIS_CORE_LPC177x_8x\Debug\libCMSIS_CORE_LPC177x_8x.a(system_LPC177x_8x.o)
 .data.SystemCoreClock
                0x00000000        0x4 X:\rmc\CMSIS_CORE_LPC177x_8x\Debug\libCMSIS_CORE_LPC177x_8x.a(system_LPC177x_8x.o)
 .text          0x00000000        0x0 c:/nxp/lpcxpresso_6.0.2_151/lpcxpresso/tools/bin/../lib/gcc/arm-none-eabi/4.6.2/../../../../arm-none-eabi/lib/armv7-m\libcr_nohost.a(_cr__main.o)
 .data          0x00000000        0x0 c:/nxp/lpcxpresso_6.0.2_151/lpcxpresso/tools/bin/../lib/gcc/arm-none-eabi/4.6.2/../../../../arm-none-eabi/lib/armv7-m\libcr_nohost.a(_cr__main.o)
 .bss           0x00000000        0x0 c:/nxp/lpcxpresso_6.0.2_151/lpcxpresso/tools/bin/../lib/gcc/arm-none-eabi/4.6.2/../../../../arm-none-eabi/lib/armv7-m\libcr_nohost.a(_cr__main.o)
 .text          0x00000000        0x0 c:/nxp/lpcxpresso_6.0.2_151/lpcxpresso/tools/bin/../lib/gcc/arm-none-eabi/4.6.2/../../../../arm-none-eabi/lib/armv7-m\libcr_c.a(memcpy.o)
 .data          0x00000000        0x0 c:/nxp/lpcxpresso_6.0.2_151/lpcxpresso/tools/bin/../lib/gcc/arm-none-eabi/4.6.2/../../../../arm-none-eabi/lib/armv7-m\libcr_c.a(memcpy.o)
 .bss           0x00000000        0x0 c:/nxp/lpcxpresso_6.0.2_151/lpcxpresso/tools/bin/../lib/gcc/arm-none-eabi/4.6.2/../../../../arm-none-eabi/lib/armv7-m\libcr_c.a(memcpy.o)
 .text          0x00000000        0x0 c:/nxp/lpcxpresso_6.0.2_151/lpcxpresso/tools/bin/../lib/gcc/arm-none-eabi/4.6.2/../../../../arm-none-eabi/lib/armv7-m\libcr_c.a(initio.o)
 .data          0x00000000        0x0 c:/nxp/lpcxpresso_6.0.2_151/lpcxpresso/tools/bin/../lib/gcc/arm-none-eabi/4.6.2/../../../../arm-none-eabi/lib/armv7-m\libcr_c.a(initio.o)
 .bss           0x00000000        0x0 c:/nxp/lpcxpresso_6.0.2_151/lpcxpresso/tools/bin/../lib/gcc/arm-none-eabi/4.6.2/../../../../arm-none-eabi/lib/armv7-m\libcr_c.a(initio.o)
 .text._terminateio
                0x00000000       0x40 c:/nxp/lpcxpresso_6.0.2_151/lpcxpresso/tools/bin/../lib/gcc/arm-none-eabi/4.6.2/../../../../arm-none-eabi/lib/armv7-m\libcr_c.a(initio.o)
 .text          0x00000000        0x0 c:/nxp/lpcxpresso_6.0.2_151/lpcxpresso/tools/bin/../lib/gcc/arm-none-eabi/4.6.2/../../../../arm-none-eabi/lib/armv7-m\libcr_c.a(setvbuf.o)
 .data          0x00000000        0x0 c:/nxp/lpcxpresso_6.0.2_151/lpcxpresso/tools/bin/../lib/gcc/arm-none-eabi/4.6.2/../../../../arm-none-eabi/lib/armv7-m\libcr_c.a(setvbuf.o)
 .bss           0x00000000        0x0 c:/nxp/lpcxpresso_6.0.2_151/lpcxpresso/tools/bin/../lib/gcc/arm-none-eabi/4.6.2/../../../../arm-none-eabi/lib/armv7-m\libcr_c.a(setvbuf.o)
 .text          0x00000000        0x0 c:/nxp/lpcxpresso_6.0.2_151/lpcxpresso/tools/bin/../lib/gcc/arm-none-eabi/4.6.2/../../../../arm-none-eabi/lib/armv7-m\libcr_c.a(stdio.o)
 .data          0x00000000        0x0 c:/nxp/lpcxpresso_6.0.2_151/lpcxpresso/tools/bin/../lib/gcc/arm-none-eabi/4.6.2/../../../../arm-none-eabi/lib/armv7-m\libcr_c.a(stdio.o)
 .bss           0x00000000        0x0 c:/nxp/lpcxpresso_6.0.2_151/lpcxpresso/tools/bin/../lib/gcc/arm-none-eabi/4.6.2/../../../../arm-none-eabi/lib/armv7-m\libcr_c.a(stdio.o)
 .text.fgetc    0x00000000       0x1a c:/nxp/lpcxpresso_6.0.2_151/lpcxpresso/tools/bin/../lib/gcc/arm-none-eabi/4.6.2/../../../../arm-none-eabi/lib/armv7-m\libcr_c.a(stdio.o)
 .text.fputc    0x00000000       0x1a c:/nxp/lpcxpresso_6.0.2_151/lpcxpresso/tools/bin/../lib/gcc/arm-none-eabi/4.6.2/../../../../arm-none-eabi/lib/armv7-m\libcr_c.a(stdio.o)
 .text.getc     0x00000000       0x1a c:/nxp/lpcxpresso_6.0.2_151/lpcxpresso/tools/bin/../lib/gcc/arm-none-eabi/4.6.2/../../../../arm-none-eabi/lib/armv7-m\libcr_c.a(stdio.o)
 .text.getchar  0x00000000       0x20 c:/nxp/lpcxpresso_6.0.2_151/lpcxpresso/tools/bin/../lib/gcc/arm-none-eabi/4.6.2/../../../../arm-none-eabi/lib/armv7-m\libcr_c.a(stdio.o)
 .text.putc     0x00000000       0x1a c:/nxp/lpcxpresso_6.0.2_151/lpcxpresso/tools/bin/../lib/gcc/arm-none-eabi/4.6.2/../../../../arm-none-eabi/lib/armv7-m\libcr_c.a(stdio.o)
 .text.putchar  0x00000000       0x24 c:/nxp/lpcxpresso_6.0.2_151/lpcxpresso/tools/bin/../lib/gcc/arm-none-eabi/4.6.2/../../../../arm-none-eabi/lib/armv7-m\libcr_c.a(stdio.o)
 .text.feof     0x00000000        0x8 c:/nxp/lpcxpresso_6.0.2_151/lpcxpresso/tools/bin/../lib/gcc/arm-none-eabi/4.6.2/../../../../arm-none-eabi/lib/armv7-m\libcr_c.a(stdio.o)
 .text.ferror   0x00000000        0x8 c:/nxp/lpcxpresso_6.0.2_151/lpcxpresso/tools/bin/../lib/gcc/arm-none-eabi/4.6.2/../../../../arm-none-eabi/lib/armv7-m\libcr_c.a(stdio.o)
 .text.clearerr
                0x00000000        0xe c:/nxp/lpcxpresso_6.0.2_151/lpcxpresso/tools/bin/../lib/gcc/arm-none-eabi/4.6.2/../../../../arm-none-eabi/lib/armv7-m\libcr_c.a(stdio.o)
 .text          0x00000000        0x0 c:/nxp/lpcxpresso_6.0.2_151/lpcxpresso/tools/bin/../lib/gcc/arm-none-eabi/4.6.2/../../../../arm-none-eabi/lib/armv7-m\libcr_c.a(memset.o)
 .data          0x00000000        0x0 c:/nxp/lpcxpresso_6.0.2_151/lpcxpresso/tools/bin/../lib/gcc/arm-none-eabi/4.6.2/../../../../arm-none-eabi/lib/armv7-m\libcr_c.a(memset.o)
 .bss           0x00000000        0x0 c:/nxp/lpcxpresso_6.0.2_151/lpcxpresso/tools/bin/../lib/gcc/arm-none-eabi/4.6.2/../../../../arm-none-eabi/lib/armv7-m\libcr_c.a(memset.o)
 .text          0x00000000        0x0 c:/nxp/lpcxpresso_6.0.2_151/lpcxpresso/tools/bin/../lib/gcc/arm-none-eabi/4.6.2/../../../../arm-none-eabi/lib/armv7-m\libcr_c.a(__fillbuf.o)
 .data          0x00000000        0x0 c:/nxp/lpcxpresso_6.0.2_151/lpcxpresso/tools/bin/../lib/gcc/arm-none-eabi/4.6.2/../../../../arm-none-eabi/lib/armv7-m\libcr_c.a(__fillbuf.o)
 .bss           0x00000000        0x0 c:/nxp/lpcxpresso_6.0.2_151/lpcxpresso/tools/bin/../lib/gcc/arm-none-eabi/4.6.2/../../../../arm-none-eabi/lib/armv7-m\libcr_c.a(__fillbuf.o)
 .text._Csys_read_
                0x00000000       0x22 c:/nxp/lpcxpresso_6.0.2_151/lpcxpresso/tools/bin/../lib/gcc/arm-none-eabi/4.6.2/../../../../arm-none-eabi/lib/armv7-m\libcr_c.a(__fillbuf.o)
 .text.__filbuf
                0x00000000      0x17c c:/nxp/lpcxpresso_6.0.2_151/lpcxpresso/tools/bin/../lib/gcc/arm-none-eabi/4.6.2/../../../../arm-none-eabi/lib/armv7-m\libcr_c.a(__fillbuf.o)
 .text._fillb2  0x00000000       0x1c c:/nxp/lpcxpresso_6.0.2_151/lpcxpresso/tools/bin/../lib/gcc/arm-none-eabi/4.6.2/../../../../arm-none-eabi/lib/armv7-m\libcr_c.a(__fillbuf.o)
 .text          0x00000000        0x0 c:/nxp/lpcxpresso_6.0.2_151/lpcxpresso/tools/bin/../lib/gcc/arm-none-eabi/4.6.2/../../../../arm-none-eabi/lib/armv7-m\libcr_c.a(_deferredlazyseek.o)
 .data          0x00000000        0x0 c:/nxp/lpcxpresso_6.0.2_151/lpcxpresso/tools/bin/../lib/gcc/arm-none-eabi/4.6.2/../../../../arm-none-eabi/lib/armv7-m\libcr_c.a(_deferredlazyseek.o)
 .bss           0x00000000        0x0 c:/nxp/lpcxpresso_6.0.2_151/lpcxpresso/tools/bin/../lib/gcc/arm-none-eabi/4.6.2/../../../../arm-none-eabi/lib/armv7-m\libcr_c.a(_deferredlazyseek.o)
 .text.__flsbuf
                0x00000000      0x14e c:/nxp/lpcxpresso_6.0.2_151/lpcxpresso/tools/bin/../lib/gcc/arm-none-eabi/4.6.2/../../../../arm-none-eabi/lib/armv7-m\libcr_c.a(_deferredlazyseek.o)
 .text          0x00000000        0x0 c:/nxp/lpcxpresso_6.0.2_151/lpcxpresso/tools/bin/../lib/gcc/arm-none-eabi/4.6.2/../../../../arm-none-eabi/lib/armv7-m\libcr_c.a(_fdopen.o)
 .data          0x00000000        0x0 c:/nxp/lpcxpresso_6.0.2_151/lpcxpresso/tools/bin/../lib/gcc/arm-none-eabi/4.6.2/../../../../arm-none-eabi/lib/armv7-m\libcr_c.a(_fdopen.o)
 .bss           0x00000000        0x0 c:/nxp/lpcxpresso_6.0.2_151/lpcxpresso/tools/bin/../lib/gcc/arm-none-eabi/4.6.2/../../../../arm-none-eabi/lib/armv7-m\libcr_c.a(_fdopen.o)
 .text          0x00000000        0x0 c:/nxp/lpcxpresso_6.0.2_151/lpcxpresso/tools/bin/../lib/gcc/arm-none-eabi/4.6.2/../../../../arm-none-eabi/lib/armv7-m\libcr_c.a(_fflush.o)
 .data          0x00000000        0x0 c:/nxp/lpcxpresso_6.0.2_151/lpcxpresso/tools/bin/../lib/gcc/arm-none-eabi/4.6.2/../../../../arm-none-eabi/lib/armv7-m\libcr_c.a(_fflush.o)
 .bss           0x00000000        0x0 c:/nxp/lpcxpresso_6.0.2_151/lpcxpresso/tools/bin/../lib/gcc/arm-none-eabi/4.6.2/../../../../arm-none-eabi/lib/armv7-m\libcr_c.a(_fflush.o)
 .text          0x00000000        0x0 c:/nxp/lpcxpresso_6.0.2_151/lpcxpresso/tools/bin/../lib/gcc/arm-none-eabi/4.6.2/../../../../arm-none-eabi/lib/armv7-m\libcr_c.a(_writebuf.o)
 .data          0x00000000        0x0 c:/nxp/lpcxpresso_6.0.2_151/lpcxpresso/tools/bin/../lib/gcc/arm-none-eabi/4.6.2/../../../../arm-none-eabi/lib/armv7-m\libcr_c.a(_writebuf.o)
 .bss           0x00000000        0x0 c:/nxp/lpcxpresso_6.0.2_151/lpcxpresso/tools/bin/../lib/gcc/arm-none-eabi/4.6.2/../../../../arm-none-eabi/lib/armv7-m\libcr_c.a(_writebuf.o)
 .text          0x00000000        0x0 c:/nxp/lpcxpresso_6.0.2_151/lpcxpresso/tools/bin/../lib/gcc/arm-none-eabi/4.6.2/../../../../arm-none-eabi/lib/armv7-m\libcr_c.a(alloc.o)
 .data          0x00000000        0x0 c:/nxp/lpcxpresso_6.0.2_151/lpcxpresso/tools/bin/../lib/gcc/arm-none-eabi/4.6.2/../../../../arm-none-eabi/lib/armv7-m\libcr_c.a(alloc.o)
 .bss           0x00000000        0x0 c:/nxp/lpcxpresso_6.0.2_151/lpcxpresso/tools/bin/../lib/gcc/arm-none-eabi/4.6.2/../../../../arm-none-eabi/lib/armv7-m\libcr_c.a(alloc.o)
 .text.calloc   0x00000000       0x50 c:/nxp/lpcxpresso_6.0.2_151/lpcxpresso/tools/bin/../lib/gcc/arm-none-eabi/4.6.2/../../../../arm-none-eabi/lib/armv7-m\libcr_c.a(alloc.o)
 .text.realloc  0x00000000       0x24 c:/nxp/lpcxpresso_6.0.2_151/lpcxpresso/tools/bin/../lib/gcc/arm-none-eabi/4.6.2/../../../../arm-none-eabi/lib/armv7-m\libcr_c.a(alloc.o)
 .text          0x00000000        0x0 c:/nxp/lpcxpresso_6.0.2_151/lpcxpresso/tools/bin/../lib/gcc/arm-none-eabi/4.6.2/../../../../arm-none-eabi/lib/armv7-m\libcr_c.a(fclose.o)
 .data          0x00000000        0x0 c:/nxp/lpcxpresso_6.0.2_151/lpcxpresso/tools/bin/../lib/gcc/arm-none-eabi/4.6.2/../../../../arm-none-eabi/lib/armv7-m\libcr_c.a(fclose.o)
 .bss           0x00000000        0x0 c:/nxp/lpcxpresso_6.0.2_151/lpcxpresso/tools/bin/../lib/gcc/arm-none-eabi/4.6.2/../../../../arm-none-eabi/lib/armv7-m\libcr_c.a(fclose.o)
 .text          0x00000000        0x0 c:/nxp/lpcxpresso_6.0.2_151/lpcxpresso/tools/bin/../lib/gcc/arm-none-eabi/4.6.2/../../../../arm-none-eabi/lib/armv7-m\libcr_c.a(fflush.o)
 .data          0x00000000        0x0 c:/nxp/lpcxpresso_6.0.2_151/lpcxpresso/tools/bin/../lib/gcc/arm-none-eabi/4.6.2/../../../../arm-none-eabi/lib/armv7-m\libcr_c.a(fflush.o)
 .bss           0x00000000        0x0 c:/nxp/lpcxpresso_6.0.2_151/lpcxpresso/tools/bin/../lib/gcc/arm-none-eabi/4.6.2/../../../../arm-none-eabi/lib/armv7-m\libcr_c.a(fflush.o)
 .text          0x00000000        0x0 c:/nxp/lpcxpresso_6.0.2_151/lpcxpresso/tools/bin/../lib/gcc/arm-none-eabi/4.6.2/../../../../arm-none-eabi/lib/armv7-m\libcr_c.a(fseek.o)
 .data          0x00000000        0x0 c:/nxp/lpcxpresso_6.0.2_151/lpcxpresso/tools/bin/../lib/gcc/arm-none-eabi/4.6.2/../../../../arm-none-eabi/lib/armv7-m\libcr_c.a(fseek.o)
 .bss           0x00000000        0x0 c:/nxp/lpcxpresso_6.0.2_151/lpcxpresso/tools/bin/../lib/gcc/arm-none-eabi/4.6.2/../../../../arm-none-eabi/lib/armv7-m\libcr_c.a(fseek.o)
 .text          0x00000000        0x0 c:/nxp/lpcxpresso_6.0.2_151/lpcxpresso/tools/bin/../lib/gcc/arm-none-eabi/4.6.2/../../../../arm-none-eabi/lib/armv7-m\libcr_c.a(ftell.o)
 .data          0x00000000        0x0 c:/nxp/lpcxpresso_6.0.2_151/lpcxpresso/tools/bin/../lib/gcc/arm-none-eabi/4.6.2/../../../../arm-none-eabi/lib/armv7-m\libcr_c.a(ftell.o)
 .bss           0x00000000        0x0 c:/nxp/lpcxpresso_6.0.2_151/lpcxpresso/tools/bin/../lib/gcc/arm-none-eabi/4.6.2/../../../../arm-none-eabi/lib/armv7-m\libcr_c.a(ftell.o)
 .text          0x00000000        0x0 c:/nxp/lpcxpresso_6.0.2_151/lpcxpresso/tools/bin/../lib/gcc/arm-none-eabi/4.6.2/../../../../arm-none-eabi/lib/armv7-m\libcr_c.a(remove.o)
 .data          0x00000000        0x0 c:/nxp/lpcxpresso_6.0.2_151/lpcxpresso/tools/bin/../lib/gcc/arm-none-eabi/4.6.2/../../../../arm-none-eabi/lib/armv7-m\libcr_c.a(remove.o)
 .bss           0x00000000        0x0 c:/nxp/lpcxpresso_6.0.2_151/lpcxpresso/tools/bin/../lib/gcc/arm-none-eabi/4.6.2/../../../../arm-none-eabi/lib/armv7-m\libcr_c.a(remove.o)
 .text.rename   0x00000000       0x2a c:/nxp/lpcxpresso_6.0.2_151/lpcxpresso/tools/bin/../lib/gcc/arm-none-eabi/4.6.2/../../../../arm-none-eabi/lib/armv7-m\libcr_c.a(remove.o)
 .text          0x00000000        0x0 c:/nxp/lpcxpresso_6.0.2_151/lpcxpresso/tools/bin/../lib/gcc/arm-none-eabi/4.6.2/../../../../arm-none-eabi/lib/armv7-m\libcr_c.a(strlen.o)
 .data          0x00000000        0x0 c:/nxp/lpcxpresso_6.0.2_151/lpcxpresso/tools/bin/../lib/gcc/arm-none-eabi/4.6.2/../../../../arm-none-eabi/lib/armv7-m\libcr_c.a(strlen.o)
 .bss           0x00000000        0x0 c:/nxp/lpcxpresso_6.0.2_151/lpcxpresso/tools/bin/../lib/gcc/arm-none-eabi/4.6.2/../../../../arm-none-eabi/lib/armv7-m\libcr_c.a(strlen.o)
 .text          0x00000000        0x0 c:/nxp/lpcxpresso_6.0.2_151/lpcxpresso/tools/bin/../lib/gcc/arm-none-eabi/4.6.2/../../../../arm-none-eabi/lib/armv7-m\libcr_c.a(__init_alloc.o)
 .data          0x00000000        0x0 c:/nxp/lpcxpresso_6.0.2_151/lpcxpresso/tools/bin/../lib/gcc/arm-none-eabi/4.6.2/../../../../arm-none-eabi/lib/armv7-m\libcr_c.a(__init_alloc.o)
 .bss           0x00000000        0x0 c:/nxp/lpcxpresso_6.0.2_151/lpcxpresso/tools/bin/../lib/gcc/arm-none-eabi/4.6.2/../../../../arm-none-eabi/lib/armv7-m\libcr_c.a(__init_alloc.o)
 .text._init_alloc
                0x00000000       0x14 c:/nxp/lpcxpresso_6.0.2_151/lpcxpresso/tools/bin/../lib/gcc/arm-none-eabi/4.6.2/../../../../arm-none-eabi/lib/armv7-m\libcr_c.a(__init_alloc.o)
 .text          0x00000000        0x0 c:/nxp/lpcxpresso_6.0.2_151/lpcxpresso/tools/bin/../lib/gcc/arm-none-eabi/4.6.2/../../../../arm-none-eabi/lib/armv7-m\libcr_c.a(_do_fflush.o)
 .data          0x00000000        0x0 c:/nxp/lpcxpresso_6.0.2_151/lpcxpresso/tools/bin/../lib/gcc/arm-none-eabi/4.6.2/../../../../arm-none-eabi/lib/armv7-m\libcr_c.a(_do_fflush.o)
 .bss           0x00000000        0x0 c:/nxp/lpcxpresso_6.0.2_151/lpcxpresso/tools/bin/../lib/gcc/arm-none-eabi/4.6.2/../../../../arm-none-eabi/lib/armv7-m\libcr_c.a(_do_fflush.o)
 .text          0x00000000        0x0 c:/nxp/lpcxpresso_6.0.2_151/lpcxpresso/tools/bin/../lib/gcc/arm-none-eabi/4.6.2/../../../../arm-none-eabi/lib/armv7-m\libcr_c.a(errno.o)
 .data          0x00000000        0x0 c:/nxp/lpcxpresso_6.0.2_151/lpcxpresso/tools/bin/../lib/gcc/arm-none-eabi/4.6.2/../../../../arm-none-eabi/lib/armv7-m\libcr_c.a(errno.o)
 .bss           0x00000000        0x0 c:/nxp/lpcxpresso_6.0.2_151/lpcxpresso/tools/bin/../lib/gcc/arm-none-eabi/4.6.2/../../../../arm-none-eabi/lib/armv7-m\libcr_c.a(errno.o)
 .text          0x00000000        0x0 c:/nxp/lpcxpresso_6.0.2_151/lpcxpresso/tools/bin/../lib/gcc/arm-none-eabi/4.6.2/armv7-m\libcr_eabihelpers.a(memcpy.o)
 .data          0x00000000        0x0 c:/nxp/lpcxpresso_6.0.2_151/lpcxpresso/tools/bin/../lib/gcc/arm-none-eabi/4.6.2/armv7-m\libcr_eabihelpers.a(memcpy.o)
 .bss           0x00000000        0x0 c:/nxp/lpcxpresso_6.0.2_151/lpcxpresso/tools/bin/../lib/gcc/arm-none-eabi/4.6.2/armv7-m\libcr_eabihelpers.a(memcpy.o)
 .text.__aeabi_memmove
                0x00000000       0x1c c:/nxp/lpcxpresso_6.0.2_151/lpcxpresso/tools/bin/../lib/gcc/arm-none-eabi/4.6.2/armv7-m\libcr_eabihelpers.a(memcpy.o)
 .text.__aeabi_memclr
                0x00000000        0x8 c:/nxp/lpcxpresso_6.0.2_151/lpcxpresso/tools/bin/../lib/gcc/arm-none-eabi/4.6.2/armv7-m\libcr_eabihelpers.a(memcpy.o)
 .text.__aeabi_memset
                0x00000000        0xa c:/nxp/lpcxpresso_6.0.2_151/lpcxpresso/tools/bin/../lib/gcc/arm-none-eabi/4.6.2/armv7-m\libcr_eabihelpers.a(memcpy.o)
 .text          0x00000000        0x0 c:/nxp/lpcxpresso_6.0.2_151/lpcxpresso/tools/bin/../lib/gcc/arm-none-eabi/4.6.2/../../../../arm-none-eabi/lib/armv7-m\libcr_nohost.a(__sys_appexit.o)
 .data          0x00000000        0x0 c:/nxp/lpcxpresso_6.0.2_151/lpcxpresso/tools/bin/../lib/gcc/arm-none-eabi/4.6.2/../../../../arm-none-eabi/lib/armv7-m\libcr_nohost.a(__sys_appexit.o)
 .bss           0x00000000        0x0 c:/nxp/lpcxpresso_6.0.2_151/lpcxpresso/tools/bin/../lib/gcc/arm-none-eabi/4.6.2/../../../../arm-none-eabi/lib/armv7-m\libcr_nohost.a(__sys_appexit.o)
 .text          0x00000000        0x0 c:/nxp/lpcxpresso_6.0.2_151/lpcxpresso/tools/bin/../lib/gcc/arm-none-eabi/4.6.2/../../../../arm-none-eabi/lib/armv7-m\libcr_nohost.a(__sys_close.o)
 .data          0x00000000        0x0 c:/nxp/lpcxpresso_6.0.2_151/lpcxpresso/tools/bin/../lib/gcc/arm-none-eabi/4.6.2/../../../../arm-none-eabi/lib/armv7-m\libcr_nohost.a(__sys_close.o)
 .bss           0x00000000        0x0 c:/nxp/lpcxpresso_6.0.2_151/lpcxpresso/tools/bin/../lib/gcc/arm-none-eabi/4.6.2/../../../../arm-none-eabi/lib/armv7-m\libcr_nohost.a(__sys_close.o)
 .text          0x00000000        0x0 c:/nxp/lpcxpresso_6.0.2_151/lpcxpresso/tools/bin/../lib/gcc/arm-none-eabi/4.6.2/../../../../arm-none-eabi/lib/armv7-m\libcr_nohost.a(__sys_flen.o)
 .data          0x00000000        0x0 c:/nxp/lpcxpresso_6.0.2_151/lpcxpresso/tools/bin/../lib/gcc/arm-none-eabi/4.6.2/../../../../arm-none-eabi/lib/armv7-m\libcr_nohost.a(__sys_flen.o)
 .bss           0x00000000        0x0 c:/nxp/lpcxpresso_6.0.2_151/lpcxpresso/tools/bin/../lib/gcc/arm-none-eabi/4.6.2/../../../../arm-none-eabi/lib/armv7-m\libcr_nohost.a(__sys_flen.o)
 .text          0x00000000        0x0 c:/nxp/lpcxpresso_6.0.2_151/lpcxpresso/tools/bin/../lib/gcc/arm-none-eabi/4.6.2/../../../../arm-none-eabi/lib/armv7-m\libcr_nohost.a(__sys_istty.o)
 .data          0x00000000        0x0 c:/nxp/lpcxpresso_6.0.2_151/lpcxpresso/tools/bin/../lib/gcc/arm-none-eabi/4.6.2/../../../../arm-none-eabi/lib/armv7-m\libcr_nohost.a(__sys_istty.o)
 .bss           0x00000000        0x0 c:/nxp/lpcxpresso_6.0.2_151/lpcxpresso/tools/bin/../lib/gcc/arm-none-eabi/4.6.2/../../../../arm-none-eabi/lib/armv7-m\libcr_nohost.a(__sys_istty.o)
 .text          0x00000000        0x0 c:/nxp/lpcxpresso_6.0.2_151/lpcxpresso/tools/bin/../lib/gcc/arm-none-eabi/4.6.2/../../../../arm-none-eabi/lib/armv7-m\libcr_nohost.a(__sys_read.o)
 .data          0x00000000        0x0 c:/nxp/lpcxpresso_6.0.2_151/lpcxpresso/tools/bin/../lib/gcc/arm-none-eabi/4.6.2/../../../../arm-none-eabi/lib/armv7-m\libcr_nohost.a(__sys_read.o)
 .bss           0x00000000        0x0 c:/nxp/lpcxpresso_6.0.2_151/lpcxpresso/tools/bin/../lib/gcc/arm-none-eabi/4.6.2/../../../../arm-none-eabi/lib/armv7-m\libcr_nohost.a(__sys_read.o)
 .text.__sys_read
                0x00000000        0x4 c:/nxp/lpcxpresso_6.0.2_151/lpcxpresso/tools/bin/../lib/gcc/arm-none-eabi/4.6.2/../../../../arm-none-eabi/lib/armv7-m\libcr_nohost.a(__sys_read.o)
 .text          0x00000000        0x0 c:/nxp/lpcxpresso_6.0.2_151/lpcxpresso/tools/bin/../lib/gcc/arm-none-eabi/4.6.2/../../../../arm-none-eabi/lib/armv7-m\libcr_nohost.a(__sys_remove.o)
 .data          0x00000000        0x0 c:/nxp/lpcxpresso_6.0.2_151/lpcxpresso/tools/bin/../lib/gcc/arm-none-eabi/4.6.2/../../../../arm-none-eabi/lib/armv7-m\libcr_nohost.a(__sys_remove.o)
 .bss           0x00000000        0x0 c:/nxp/lpcxpresso_6.0.2_151/lpcxpresso/tools/bin/../lib/gcc/arm-none-eabi/4.6.2/../../../../arm-none-eabi/lib/armv7-m\libcr_nohost.a(__sys_remove.o)
 .text          0x00000000        0x0 c:/nxp/lpcxpresso_6.0.2_151/lpcxpresso/tools/bin/../lib/gcc/arm-none-eabi/4.6.2/../../../../arm-none-eabi/lib/armv7-m\libcr_nohost.a(__sys_rename.o)
 .data          0x00000000        0x0 c:/nxp/lpcxpresso_6.0.2_151/lpcxpresso/tools/bin/../lib/gcc/arm-none-eabi/4.6.2/../../../../arm-none-eabi/lib/armv7-m\libcr_nohost.a(__sys_rename.o)
 .bss           0x00000000        0x0 c:/nxp/lpcxpresso_6.0.2_151/lpcxpresso/tools/bin/../lib/gcc/arm-none-eabi/4.6.2/../../../../arm-none-eabi/lib/armv7-m\libcr_nohost.a(__sys_rename.o)
 .text.__sys_rename
                0x00000000        0x6 c:/nxp/lpcxpresso_6.0.2_151/lpcxpresso/tools/bin/../lib/gcc/arm-none-eabi/4.6.2/../../../../arm-none-eabi/lib/armv7-m\libcr_nohost.a(__sys_rename.o)
 .text          0x00000000        0x0 c:/nxp/lpcxpresso_6.0.2_151/lpcxpresso/tools/bin/../lib/gcc/arm-none-eabi/4.6.2/../../../../arm-none-eabi/lib/armv7-m\libcr_nohost.a(__sys_seek.o)
 .data          0x00000000        0x0 c:/nxp/lpcxpresso_6.0.2_151/lpcxpresso/tools/bin/../lib/gcc/arm-none-eabi/4.6.2/../../../../arm-none-eabi/lib/armv7-m\libcr_nohost.a(__sys_seek.o)
 .bss           0x00000000        0x0 c:/nxp/lpcxpresso_6.0.2_151/lpcxpresso/tools/bin/../lib/gcc/arm-none-eabi/4.6.2/../../../../arm-none-eabi/lib/armv7-m\libcr_nohost.a(__sys_seek.o)
 .text          0x00000000        0x0 c:/nxp/lpcxpresso_6.0.2_151/lpcxpresso/tools/bin/../lib/gcc/arm-none-eabi/4.6.2/../../../../arm-none-eabi/lib/armv7-m\libcr_nohost.a(__sys_tmpnam.o)
 .data          0x00000000        0x0 c:/nxp/lpcxpresso_6.0.2_151/lpcxpresso/tools/bin/../lib/gcc/arm-none-eabi/4.6.2/../../../../arm-none-eabi/lib/armv7-m\libcr_nohost.a(__sys_tmpnam.o)
 .bss           0x00000000        0x0 c:/nxp/lpcxpresso_6.0.2_151/lpcxpresso/tools/bin/../lib/gcc/arm-none-eabi/4.6.2/../../../../arm-none-eabi/lib/armv7-m\libcr_nohost.a(__sys_tmpnam.o)
 .text          0x00000000        0x0 c:/nxp/lpcxpresso_6.0.2_151/lpcxpresso/tools/bin/../lib/gcc/arm-none-eabi/4.6.2/../../../../arm-none-eabi/lib/armv7-m\libcr_nohost.a(_cr_sbrk.o)
 .data          0x00000000        0x0 c:/nxp/lpcxpresso_6.0.2_151/lpcxpresso/tools/bin/../lib/gcc/arm-none-eabi/4.6.2/../../../../arm-none-eabi/lib/armv7-m\libcr_nohost.a(_cr_sbrk.o)
 .bss           0x00000000        0x0 c:/nxp/lpcxpresso_6.0.2_151/lpcxpresso/tools/bin/../lib/gcc/arm-none-eabi/4.6.2/../../../../arm-none-eabi/lib/armv7-m\libcr_nohost.a(_cr_sbrk.o)
 .text          0x00000000        0x0 c:/nxp/lpcxpresso_6.0.2_151/lpcxpresso/tools/bin/../lib/gcc/arm-none-eabi/4.6.2/../../../../arm-none-eabi/lib/armv7-m\libcr_nohost.a(_cr_check_heap.o)
 .data          0x00000000        0x0 c:/nxp/lpcxpresso_6.0.2_151/lpcxpresso/tools/bin/../lib/gcc/arm-none-eabi/4.6.2/../../../../arm-none-eabi/lib/armv7-m\libcr_nohost.a(_cr_check_heap.o)
 .bss           0x00000000        0x0 c:/nxp/lpcxpresso_6.0.2_151/lpcxpresso/tools/bin/../lib/gcc/arm-none-eabi/4.6.2/../../../../arm-none-eabi/lib/armv7-m\libcr_nohost.a(_cr_check_heap.o)

Memory Configuration

Name             Origin             Length             Attributes
MFlash512        0x00000000         0x00080000         xr
RamLoc64         0x10000000         0x00010000         xrw
RamPeriph32      0x20000000         0x00008000         xrw
*default*        0x00000000         0xffffffff

Linker script and memory map

LOAD ./src/cr_startup_lpc177x_8x.o
LOAD ./src/crp.o
LOAD ./src/gpio.o
LOAD ./src/main.o
LOAD ./src/retarget.o
LOAD ./src/uart.o
LOAD X:\rmc\CMSIS_CORE_LPC177x_8x\Debug\libCMSIS_CORE_LPC177x_8x.a
LOAD X:\rmc\CMSIS_DSPLIB_CM3\lib\libCMSIS_DSPLIB_CM3.a
START GROUP
LOAD c:/nxp/lpcxpresso_6.0.2_151/lpcxpresso/tools/bin/../lib/gcc/arm-none-eabi/4.6.2/../../../../arm-none-eabi/lib/armv7-m\libcr_nohost.a
LOAD c:/nxp/lpcxpresso_6.0.2_151/lpcxpresso/tools/bin/../lib/gcc/arm-none-eabi/4.6.2/../../../../arm-none-eabi/lib/armv7-m\libcr_c.a
LOAD c:/nxp/lpcxpresso_6.0.2_151/lpcxpresso/tools/bin/../lib/gcc/arm-none-eabi/4.6.2/armv7-m\libcr_eabihelpers.a
END GROUP
                0x00080000                __top_MFlash512 = 0x80000
                0x10010000                __top_RamLoc64 = 0x10010000
                0x20008000                __top_RamPeriph32 = 0x20008000

.text           0x00000000     0x1664
 FILL mask 0xff
                0x00000000                __vectors_start__ = ABSOLUTE (.)
 *(.isr_vector)
 .isr_vector    0x00000000       0xe4 ./src/cr_startup_lpc177x_8x.o
                0x00000000                g_pfnVectors
                0x000000e4                . = ALIGN (0x4)
                0x000000e4                __section_table_start = .
                0x000000e4                __data_section_table = .
                0x000000e4        0x4 LONG 0x1664 LOADADDR (.data)
                0x000000e8        0x4 LONG 0x10000000 ADDR (.data)
                0x000000ec        0x4 LONG 0x0 SIZEOF (.data)
                0x000000f0        0x4 LONG 0x1664 LOADADDR (.data_RAM2)
                0x000000f4        0x4 LONG 0x20000000 ADDR (.data_RAM2)
                0x000000f8        0x4 LONG 0x0 SIZEOF (.data_RAM2)
                0x000000fc                __data_section_table_end = .
                0x000000fc                __bss_section_table = .
                0x000000fc        0x4 LONG 0x10000000 ADDR (.bss)
                0x00000100        0x4 LONG 0x1fc SIZEOF (.bss)
                0x00000104        0x4 LONG 0x20000000 ADDR (.bss_RAM2)
                0x00000108        0x4 LONG 0x0 SIZEOF (.bss_RAM2)
                0x0000010c                __bss_section_table_end = .
                0x0000010c                __section_table_end = .
 *(.after_vectors*)
 .after_vectors
                0x0000010c       0x78 ./src/cr_startup_lpc177x_8x.o
                0x0000010c                NMI_Handler
                0x0000010e                HardFault_Handler
                0x00000110                MemManage_Handler
                0x00000112                BusFault_Handler
                0x00000114                UsageFault_Handler
                0x00000116                SVC_Handler
                0x00000118                DebugMon_Handler
                0x0000011a                PendSV_Handler
                0x0000011c                SysTick_Handler
                0x0000011e                PWM1_IRQHandler
                0x0000011e                I2C0_IRQHandler
                0x0000011e                I2C1_IRQHandler
                0x0000011e                EINT2_IRQHandler
                0x0000011e                UART1_IRQHandler
                0x0000011e                USBActivity_IRQHandler
                0x0000011e                CANActivity_IRQHandler
                0x0000011e                TIMER3_IRQHandler
                0x0000011e                MCPWM_IRQHandler
                0x0000011e                RIT_IRQHandler
                0x0000011e                IntDefaultHandler
                0x0000011e                PLL0_IRQHandler
                0x0000011e                EINT3_IRQHandler
                0x0000011e                PLL1_IRQHandler
                0x0000011e                SSP0_IRQHandler
                0x0000011e                I2S_IRQHandler
                0x0000011e                I2C2_IRQHandler
                0x0000011e                RTC_IRQHandler
                0x0000011e                TIMER0_IRQHandler
                0x0000011e                SPI_IRQHandler
                0x0000011e                LCD_IRQHandler
                0x0000011e                UART3_IRQHandler
                0x0000011e                EINT1_IRQHandler
                0x0000011e                TIMER1_IRQHandler
                0x0000011e                UART4_IRQHandler
                0x0000011e                ADC_IRQHandler
                0x0000011e                MCI_IRQHandler
                0x0000011e                SSP1_IRQHandler
                0x0000011e                USB_IRQHandler
                0x0000011e                BOD_IRQHandler
                0x0000011e                TIMER2_IRQHandler
                0x0000011e                WDT_IRQHandler
                0x0000011e                CAN_IRQHandler
                0x0000011e                QEI_IRQHandler
                0x0000011e                EINT0_IRQHandler
                0x0000011e                PWM0_IRQHandler
                0x0000011e                SSP2_IRQHandler
                0x0000011e                EEPROM_IRQHandler
                0x0000011e                GPIO_IRQHandler
                0x0000011e                DMA_IRQHandler
                0x0000011e                ENET_IRQHandler
                0x00000120                data_init
                0x00000132                bss_init
                0x00000142                ResetISR
                0x000002fc                . = 0x2fc
 *fill*         0x00000184      0x178 ff
                0x000002fc                PROVIDE (__CRP_WORD_START__, .)
 *(.crp)
 .crp           0x000002fc        0x4 ./src/crp.o
                0x000002fc                CRP_WORD
                0x00000300                PROVIDE (__CRP_WORD_END__, .)
                0x00000001                ASSERT (! ((__CRP_WORD_START__ == __CRP_WORD_END__)), Linker CRP Enabled, but no CRP_WORD provided within application)
 *(.text*)
 .text.main     0x00000300        0x8 ./src/main.o
                0x00000300                main
 .text.__sys_write
                0x00000308       0x38 ./src/retarget.o
                0x00000308                __sys_write
 .text.uart0Init
                0x00000340       0xe0 ./src/uart.o
                0x00000340                uart0Init
 .text.uart0Tx  0x00000420       0x5c ./src/uart.o
                0x00000420                uart0Tx
 .text.UART0_IRQHandler
                0x0000047c      0x490 ./src/uart.o
                0x0000047c                UART0_IRQHandler
 .text.UART2_IRQHandler
                0x0000090c      0x5b8 ./src/uart.o
                0x0000090c                UART2_IRQHandler
 .text.SystemInit
                0x00000ec4       0xa0 X:\rmc\CMSIS_CORE_LPC177x_8x\Debug\libCMSIS_CORE_LPC177x_8x.a(system_LPC177x_8x.o)
                0x00000ec4                SystemInit
 .text.__main   0x00000f64       0x14 c:/nxp/lpcxpresso_6.0.2_151/lpcxpresso/tools/bin/../lib/gcc/arm-none-eabi/4.6.2/../../../../arm-none-eabi/lib/armv7-m\libcr_nohost.a(_cr__main.o)
                0x00000f64                __main
 .text.memcpy   0x00000f78        0x4 c:/nxp/lpcxpresso_6.0.2_151/lpcxpresso/tools/bin/../lib/gcc/arm-none-eabi/4.6.2/../../../../arm-none-eabi/lib/armv7-m\libcr_c.a(memcpy.o)
                0x00000f78                memcpy
 .text._initio  0x00000f7c       0x9c c:/nxp/lpcxpresso_6.0.2_151/lpcxpresso/tools/bin/../lib/gcc/arm-none-eabi/4.6.2/../../../../arm-none-eabi/lib/armv7-m\libcr_c.a(initio.o)
                0x00000f7c                _initio
 .text.setvbuf  0x00001018       0x48 c:/nxp/lpcxpresso_6.0.2_151/lpcxpresso/tools/bin/../lib/gcc/arm-none-eabi/4.6.2/../../../../arm-none-eabi/lib/armv7-m\libcr_c.a(setvbuf.o)
                0x00001018                setvbuf
 .text.memset   0x00001060        0x4 c:/nxp/lpcxpresso_6.0.2_151/lpcxpresso/tools/bin/../lib/gcc/arm-none-eabi/4.6.2/../../../../arm-none-eabi/lib/armv7-m\libcr_c.a(memset.o)
                0x00001060                memset
 .text._deferredlazyseek
                0x00001064       0x44 c:/nxp/lpcxpresso_6.0.2_151/lpcxpresso/tools/bin/../lib/gcc/arm-none-eabi/4.6.2/../../../../arm-none-eabi/lib/armv7-m\libcr_c.a(_deferredlazyseek.o)
                0x00001064                _deferredlazyseek
 .text._fdopen  0x000010a8       0x6c c:/nxp/lpcxpresso_6.0.2_151/lpcxpresso/tools/bin/../lib/gcc/arm-none-eabi/4.6.2/../../../../arm-none-eabi/lib/armv7-m\libcr_c.a(_fdopen.o)
                0x000010a8                _fdopen
 .text._fflush  0x00001114       0x58 c:/nxp/lpcxpresso_6.0.2_151/lpcxpresso/tools/bin/../lib/gcc/arm-none-eabi/4.6.2/../../../../arm-none-eabi/lib/armv7-m\libcr_c.a(_fflush.o)
                0x00001114                _fflush
 .text._Cwritebuf
                0x0000116c       0x84 c:/nxp/lpcxpresso_6.0.2_151/lpcxpresso/tools/bin/../lib/gcc/arm-none-eabi/4.6.2/../../../../arm-none-eabi/lib/armv7-m\libcr_c.a(_writebuf.o)
                0x0000116c                _Cwritebuf
 .text.malloc   0x000011f0       0xbc c:/nxp/lpcxpresso_6.0.2_151/lpcxpresso/tools/bin/../lib/gcc/arm-none-eabi/4.6.2/../../../../arm-none-eabi/lib/armv7-m\libcr_c.a(alloc.o)
                0x000011f0                malloc
 .text.free     0x000012ac        0xa c:/nxp/lpcxpresso_6.0.2_151/lpcxpresso/tools/bin/../lib/gcc/arm-none-eabi/4.6.2/../../../../arm-none-eabi/lib/armv7-m\libcr_c.a(alloc.o)
                0x000012ac                free
 *fill*         0x000012b6        0x2 00
 .text._Csys_alloc
                0x000012b8       0x20 c:/nxp/lpcxpresso_6.0.2_151/lpcxpresso/tools/bin/../lib/gcc/arm-none-eabi/4.6.2/../../../../arm-none-eabi/lib/armv7-m\libcr_c.a(alloc.o)
                0x000012b8                _Csys_alloc
 .text.fclose   0x000012d8       0x6c c:/nxp/lpcxpresso_6.0.2_151/lpcxpresso/tools/bin/../lib/gcc/arm-none-eabi/4.6.2/../../../../arm-none-eabi/lib/armv7-m\libcr_c.a(fclose.o)
                0x000012d8                fclose
 .text.fflush   0x00001344       0x34 c:/nxp/lpcxpresso_6.0.2_151/lpcxpresso/tools/bin/../lib/gcc/arm-none-eabi/4.6.2/../../../../arm-none-eabi/lib/armv7-m\libcr_c.a(fflush.o)
                0x00001344                fflush
 .text.fseek    0x00001378      0x104 c:/nxp/lpcxpresso_6.0.2_151/lpcxpresso/tools/bin/../lib/gcc/arm-none-eabi/4.6.2/../../../../arm-none-eabi/lib/armv7-m\libcr_c.a(fseek.o)
                0x00001378                fseek
 .text.ftell    0x0000147c       0x4c c:/nxp/lpcxpresso_6.0.2_151/lpcxpresso/tools/bin/../lib/gcc/arm-none-eabi/4.6.2/../../../../arm-none-eabi/lib/armv7-m\libcr_c.a(ftell.o)
                0x0000147c                ftell
 .text.remove   0x000014c8       0x14 c:/nxp/lpcxpresso_6.0.2_151/lpcxpresso/tools/bin/../lib/gcc/arm-none-eabi/4.6.2/../../../../arm-none-eabi/lib/armv7-m\libcr_c.a(remove.o)
                0x000014c8                remove
 .text.strlen   0x000014dc       0x4c c:/nxp/lpcxpresso_6.0.2_151/lpcxpresso/tools/bin/../lib/gcc/arm-none-eabi/4.6.2/../../../../arm-none-eabi/lib/armv7-m\libcr_c.a(strlen.o)
                0x000014dc                strlen
 .text._do_fflush
                0x00001528       0x42 c:/nxp/lpcxpresso_6.0.2_151/lpcxpresso/tools/bin/../lib/gcc/arm-none-eabi/4.6.2/../../../../arm-none-eabi/lib/armv7-m\libcr_c.a(_do_fflush.o)
                0x00001528                _do_fflush
 .text.__aeabi_memcpy
                0x0000156a       0x26 c:/nxp/lpcxpresso_6.0.2_151/lpcxpresso/tools/bin/../lib/gcc/arm-none-eabi/4.6.2/armv7-m\libcr_eabihelpers.a(memcpy.o)
                0x0000156a                __aeabi_memcpy4
                0x0000156a                __aeabi_memcpy8
                0x0000156a                __aeabi_memcpy
 .text.__aeabi_memset_lowlevel
                0x00001590       0x24 c:/nxp/lpcxpresso_6.0.2_151/lpcxpresso/tools/bin/../lib/gcc/arm-none-eabi/4.6.2/armv7-m\libcr_eabihelpers.a(memcpy.o)
                0x00001590                __aeabi_lowlevel_memset
 .text.__sys_appexit
                0x000015b4        0x2 c:/nxp/lpcxpresso_6.0.2_151/lpcxpresso/tools/bin/../lib/gcc/arm-none-eabi/4.6.2/../../../../arm-none-eabi/lib/armv7-m\libcr_nohost.a(__sys_appexit.o)
                0x000015b4                __sys_appexit
                0x000015b4                __exit
 .text.__sys_close
                0x000015b6        0x6 c:/nxp/lpcxpresso_6.0.2_151/lpcxpresso/tools/bin/../lib/gcc/arm-none-eabi/4.6.2/../../../../arm-none-eabi/lib/armv7-m\libcr_nohost.a(__sys_close.o)
                0x000015b6                __sys_close
 .text.__sys_flen
                0x000015bc        0x6 c:/nxp/lpcxpresso_6.0.2_151/lpcxpresso/tools/bin/../lib/gcc/arm-none-eabi/4.6.2/../../../../arm-none-eabi/lib/armv7-m\libcr_nohost.a(__sys_flen.o)
                0x000015bc                __sys_flen
 .text.__sys_istty
                0x000015c2        0x6 c:/nxp/lpcxpresso_6.0.2_151/lpcxpresso/tools/bin/../lib/gcc/arm-none-eabi/4.6.2/../../../../arm-none-eabi/lib/armv7-m\libcr_nohost.a(__sys_istty.o)
                0x000015c2                __sys_istty
 .text.__sys_remove
                0x000015c8        0x6 c:/nxp/lpcxpresso_6.0.2_151/lpcxpresso/tools/bin/../lib/gcc/arm-none-eabi/4.6.2/../../../../arm-none-eabi/lib/armv7-m\libcr_nohost.a(__sys_remove.o)
                0x000015c8                __sys_remove
 .text.__sys_seek
                0x000015ce        0x6 c:/nxp/lpcxpresso_6.0.2_151/lpcxpresso/tools/bin/../lib/gcc/arm-none-eabi/4.6.2/../../../../arm-none-eabi/lib/armv7-m\libcr_nohost.a(__sys_seek.o)
                0x000015ce                __sys_seek
 .text.__sys_tmpnam
                0x000015d4        0x6 c:/nxp/lpcxpresso_6.0.2_151/lpcxpresso/tools/bin/../lib/gcc/arm-none-eabi/4.6.2/../../../../arm-none-eabi/lib/armv7-m\libcr_nohost.a(__sys_tmpnam.o)
                0x000015d4                __sys_tmpnam
 *fill*         0x000015da        0x2 00
 .text._sbrk    0x000015dc       0x40 c:/nxp/lpcxpresso_6.0.2_151/lpcxpresso/tools/bin/../lib/gcc/arm-none-eabi/4.6.2/../../../../arm-none-eabi/lib/armv7-m\libcr_nohost.a(_cr_sbrk.o)
                0x000015dc                _sbrk
 .text.__check_heap_overflow
                0x0000161c       0x2c c:/nxp/lpcxpresso_6.0.2_151/lpcxpresso/tools/bin/../lib/gcc/arm-none-eabi/4.6.2/../../../../arm-none-eabi/lib/armv7-m\libcr_nohost.a(_cr_check_heap.o)
                0x0000161c                __check_heap_overflow
 *(.rodata .rodata.*)
 .rodata.str1.1
                0x00001648        0x4 c:/nxp/lpcxpresso_6.0.2_151/lpcxpresso/tools/bin/../lib/gcc/arm-none-eabi/4.6.2/../../../../arm-none-eabi/lib/armv7-m\libcr_c.a(initio.o)
 .rodata.str1.1
                0x0000164c       0x18 c:/nxp/lpcxpresso_6.0.2_151/lpcxpresso/tools/bin/../lib/gcc/arm-none-eabi/4.6.2/../../../../arm-none-eabi/lib/armv7-m\libcr_c.a(alloc.o)
                0x00001664                . = ALIGN (0x4)

.glue_7         0x00001664        0x0
 .glue_7        0x00000000        0x0 linker stubs

.glue_7t        0x00001664        0x0
 .glue_7t       0x00000000        0x0 linker stubs

.vfp11_veneer   0x00001664        0x0
 .vfp11_veneer  0x00000000        0x0 linker stubs

.v4_bx          0x00001664        0x0
 .v4_bx         0x00000000        0x0 linker stubs

.ARM.extab
 *(.ARM.extab* .gnu.linkonce.armextab.*)
                0x00001664                __exidx_start = .

.ARM.exidx
 *(.ARM.exidx* .gnu.linkonce.armexidx.*)
                0x00001664                __exidx_end = .
                0x00001664                _etext = .

.data_RAM2      0x20000000        0x0 load address 0x00001664
 FILL mask 0xff
 *(.data.$RAM2*)
 *(.data.$RamPeriph32*)
                0x20000000                . = ALIGN (0x4)

.uninit_RESERVED
                0x10000000        0x0
 *(.bss.$RESERVED*)
                0x10000000                . = ALIGN (0x4)
                0x10000000                _end_uninit_RESERVED = .

.data           0x10000000        0x0 load address 0x00001664
 FILL mask 0xff
                0x10000000                _data = .
 *(vtable)
 *(.data*)
                0x10000000                . = ALIGN (0x4)
                0x10000000                _edata = .

.bss_RAM2       0x20000000        0x0
 *(.bss.$RAM2*)
 *(.bss.$RamPeriph32*)
                0x20000000                . = ALIGN (0x4)

.bss            0x10000000      0x1fc
                0x10000000                _bss = .
 *(.bss*)
 .bss.uartPrivate
                0x10000000       0x8c ./src/uart.o
 .bss.u0buff    0x1000008c       0x10 ./src/uart.o
 .bss.u2buff    0x1000009c       0x10 ./src/uart.o
 .bss.errno     0x100000ac        0x4 c:/nxp/lpcxpresso_6.0.2_151/lpcxpresso/tools/bin/../lib/gcc/arm-none-eabi/4.6.2/../../../../arm-none-eabi/lib/armv7-m\libcr_c.a(errno.o)
                0x100000ac                errno
 *(COMMON)
 COMMON         0x100000b0        0x4 c:/nxp/lpcxpresso_6.0.2_151/lpcxpresso/tools/bin/../lib/gcc/arm-none-eabi/4.6.2/../../../../arm-none-eabi/lib/armv7-m\libcr_c.a(initio.o)
                0x100000b0                _extra
 COMMON         0x100000b4      0x140 c:/nxp/lpcxpresso_6.0.2_151/lpcxpresso/tools/bin/../lib/gcc/arm-none-eabi/4.6.2/../../../../arm-none-eabi/lib/armv7-m\libcr_c.a(stdio.o)
                0x100000b4                __Ciob
 COMMON         0x100001f4        0x8 c:/nxp/lpcxpresso_6.0.2_151/lpcxpresso/tools/bin/../lib/gcc/arm-none-eabi/4.6.2/../../../../arm-none-eabi/lib/armv7-m\libcr_c.a(__init_alloc.o)
                0x100001f4                __heaps
                0x100001f8                __end_of_heap
                0x100001fc                . = ALIGN (0x4)
                0x100001fc                _ebss = .
                0x100001fc                PROVIDE (end, .)

.noinit_RAM2    0x20000000        0x0
 *(.noinit.$RAM2*)
 *(.noinit.$RamPeriph32*)
                0x20000000                . = ALIGN (0x4)

.noinit         0x100001fc        0x0
                0x100001fc                _noinit = .
 *(.noinit*)
                0x100001fc                . = ALIGN (0x4)
                0x100001fc                _end_noinit = .
                0x100001fc                PROVIDE (_pvHeapStart, .)
                0x10010000                PROVIDE (_vStackTop, (__top_RamLoc64 - 0x0))
OUTPUT(ReMutt_Control_Code.axf elf32-littlearm)

.debug_info     0x00000000     0x2fca
 .debug_info    0x00000000      0x30d ./src/cr_startup_lpc177x_8x.o
 .debug_info    0x0000030d       0x48 ./src/crp.o
 .debug_info    0x00000355      0x20b ./src/gpio.o
 .debug_info    0x00000560       0xc0 ./src/main.o
 .debug_info    0x00000620      0x1e9 ./src/retarget.o
 .debug_info    0x00000809     0x2199 ./src/uart.o
 .debug_info    0x000029a2      0x628 X:\rmc\CMSIS_CORE_LPC177x_8x\Debug\libCMSIS_CORE_LPC177x_8x.a(system_LPC177x_8x.o)

.debug_abbrev   0x00000000      0x705
 .debug_abbrev  0x00000000      0x150 ./src/cr_startup_lpc177x_8x.o
 .debug_abbrev  0x00000150       0x39 ./src/crp.o
 .debug_abbrev  0x00000189       0xfa ./src/gpio.o
 .debug_abbrev  0x00000283       0x6a ./src/main.o
 .debug_abbrev  0x000002ed       0xaa ./src/retarget.o
 .debug_abbrev  0x00000397      0x253 ./src/uart.o
 .debug_abbrev  0x000005ea      0x11b X:\rmc\CMSIS_CORE_LPC177x_8x\Debug\libCMSIS_CORE_LPC177x_8x.a(system_LPC177x_8x.o)

.debug_loc      0x00000000      0x826
 .debug_loc     0x00000000      0x102 ./src/cr_startup_lpc177x_8x.o
 .debug_loc     0x00000102       0xa8 ./src/gpio.o
 .debug_loc     0x000001aa       0x2c ./src/main.o
 .debug_loc     0x000001d6       0x70 ./src/retarget.o
 .debug_loc     0x00000246      0x5c0 ./src/uart.o
 .debug_loc     0x00000806       0x20 X:\rmc\CMSIS_CORE_LPC177x_8x\Debug\libCMSIS_CORE_LPC177x_8x.a(system_LPC177x_8x.o)

.debug_aranges  0x00000000      0x218
 .debug_aranges
                0x00000000       0x80 ./src/cr_startup_lpc177x_8x.o
 .debug_aranges
                0x00000080       0x30 ./src/gpio.o
 .debug_aranges
                0x000000b0       0x20 ./src/main.o
 .debug_aranges
                0x000000d0       0x28 ./src/retarget.o
 .debug_aranges
                0x000000f8       0xf8 ./src/uart.o
 .debug_aranges
                0x000001f0       0x28 X:\rmc\CMSIS_CORE_LPC177x_8x\Debug\libCMSIS_CORE_LPC177x_8x.a(system_LPC177x_8x.o)

.debug_ranges   0x00000000      0x1b8
 .debug_ranges  0x00000000       0x70 ./src/cr_startup_lpc177x_8x.o
 .debug_ranges  0x00000070       0x20 ./src/gpio.o
 .debug_ranges  0x00000090       0x10 ./src/main.o
 .debug_ranges  0x000000a0       0x18 ./src/retarget.o
 .debug_ranges  0x000000b8       0xe8 ./src/uart.o
 .debug_ranges  0x000001a0       0x18 X:\rmc\CMSIS_CORE_LPC177x_8x\Debug\libCMSIS_CORE_LPC177x_8x.a(system_LPC177x_8x.o)

.debug_line     0x00000000     0x1bc6
 .debug_line    0x00000000      0x3ee ./src/cr_startup_lpc177x_8x.o
 .debug_line    0x000003ee       0xac ./src/crp.o
 .debug_line    0x0000049a      0x486 ./src/gpio.o
 .debug_line    0x00000920      0x3f3 ./src/main.o
 .debug_line    0x00000d13      0x2fa ./src/retarget.o
 .debug_line    0x0000100d      0x7df ./src/uart.o
 .debug_line    0x000017ec      0x3da X:\rmc\CMSIS_CORE_LPC177x_8x\Debug\libCMSIS_CORE_LPC177x_8x.a(system_LPC177x_8x.o)

.debug_macinfo  0x00000000    0x79ba0
 .debug_macinfo
                0x00000000     0xa026 ./src/cr_startup_lpc177x_8x.o
 .debug_macinfo
                0x0000a026     0x23d3 ./src/crp.o
 .debug_macinfo
                0x0000c3f9     0xa072 ./src/gpio.o
 .debug_macinfo
                0x0001646b     0xa626 ./src/main.o
 .debug_macinfo
                0x00020a91     0x2bd1 ./src/retarget.o
 .debug_macinfo
                0x00023662    0x4c275 ./src/uart.o
 .debug_macinfo
                0x0006f8d7     0xa2c9 X:\rmc\CMSIS_CORE_LPC177x_8x\Debug\libCMSIS_CORE_LPC177x_8x.a(system_LPC177x_8x.o)

.debug_str      0x00000000     0x1b5f
 .debug_str     0x00000000      0x243 ./src/cr_startup_lpc177x_8x.o
                                0x273 (size before relaxing)
 .debug_str     0x00000243       0x16 ./src/crp.o
                                 0x88 (size before relaxing)
 .debug_str     0x00000259       0x7b ./src/gpio.o
                                0x16e (size before relaxing)
 .debug_str     0x000002d4       0x13 ./src/main.o
                                0x118 (size before relaxing)
 .debug_str     0x000002e7      0x200 ./src/retarget.o
                                0x2d0 (size before relaxing)
 .debug_str     0x000004e7     0x15e7 ./src/uart.o
                               0x18c0 (size before relaxing)
 .debug_str     0x00001ace       0x91 X:\rmc\CMSIS_CORE_LPC177x_8x\Debug\libCMSIS_CORE_LPC177x_8x.a(system_LPC177x_8x.o)
                                0x355 (size before relaxing)

.comment        0x00000000       0xe0
 .comment       0x00000000       0x70 ./src/cr_startup_lpc177x_8x.o
                                 0x71 (size before relaxing)
 .comment       0x00000000       0x71 ./src/crp.o
 .comment       0x00000000       0x71 ./src/gpio.o
 .comment       0x00000000       0x71 ./src/main.o
 .comment       0x00000000       0x71 ./src/retarget.o
 .comment       0x00000000       0x71 ./src/uart.o
 .comment       0x00000000       0x71 X:\rmc\CMSIS_CORE_LPC177x_8x\Debug\libCMSIS_CORE_LPC177x_8x.a(system_LPC177x_8x.o)
 .comment       0x00000070       0x70 c:/nxp/lpcxpresso_6.0.2_151/lpcxpresso/tools/bin/../lib/gcc/arm-none-eabi/4.6.2/../../../../arm-none-eabi/lib/armv7-m\libcr_nohost.a(_cr__main.o)
                                 0x71 (size before relaxing)
 .comment       0x00000000       0x71 c:/nxp/lpcxpresso_6.0.2_151/lpcxpresso/tools/bin/../lib/gcc/arm-none-eabi/4.6.2/../../../../arm-none-eabi/lib/armv7-m\libcr_c.a(memcpy.o)
 .comment       0x00000000       0x71 c:/nxp/lpcxpresso_6.0.2_151/lpcxpresso/tools/bin/../lib/gcc/arm-none-eabi/4.6.2/../../../../arm-none-eabi/lib/armv7-m\libcr_c.a(initio.o)
 .comment       0x00000000       0x71 c:/nxp/lpcxpresso_6.0.2_151/lpcxpresso/tools/bin/../lib/gcc/arm-none-eabi/4.6.2/../../../../arm-none-eabi/lib/armv7-m\libcr_c.a(setvbuf.o)
 .comment       0x00000000       0x71 c:/nxp/lpcxpresso_6.0.2_151/lpcxpresso/tools/bin/../lib/gcc/arm-none-eabi/4.6.2/../../../../arm-none-eabi/lib/armv7-m\libcr_c.a(stdio.o)
 .comment       0x00000000       0x71 c:/nxp/lpcxpresso_6.0.2_151/lpcxpresso/tools/bin/../lib/gcc/arm-none-eabi/4.6.2/../../../../arm-none-eabi/lib/armv7-m\libcr_c.a(memset.o)
 .comment       0x00000000       0x71 c:/nxp/lpcxpresso_6.0.2_151/lpcxpresso/tools/bin/../lib/gcc/arm-none-eabi/4.6.2/../../../../arm-none-eabi/lib/armv7-m\libcr_c.a(__fillbuf.o)
 .comment       0x00000000       0x71 c:/nxp/lpcxpresso_6.0.2_151/lpcxpresso/tools/bin/../lib/gcc/arm-none-eabi/4.6.2/../../../../arm-none-eabi/lib/armv7-m\libcr_c.a(_deferredlazyseek.o)
 .comment       0x00000000       0x71 c:/nxp/lpcxpresso_6.0.2_151/lpcxpresso/tools/bin/../lib/gcc/arm-none-eabi/4.6.2/../../../../arm-none-eabi/lib/armv7-m\libcr_c.a(_fdopen.o)
 .comment       0x00000000       0x71 c:/nxp/lpcxpresso_6.0.2_151/lpcxpresso/tools/bin/../lib/gcc/arm-none-eabi/4.6.2/../../../../arm-none-eabi/lib/armv7-m\libcr_c.a(_fflush.o)
 .comment       0x00000000       0x71 c:/nxp/lpcxpresso_6.0.2_151/lpcxpresso/tools/bin/../lib/gcc/arm-none-eabi/4.6.2/../../../../arm-none-eabi/lib/armv7-m\libcr_c.a(_writebuf.o)
 .comment       0x00000000       0x71 c:/nxp/lpcxpresso_6.0.2_151/lpcxpresso/tools/bin/../lib/gcc/arm-none-eabi/4.6.2/../../../../arm-none-eabi/lib/armv7-m\libcr_c.a(alloc.o)
 .comment       0x00000000       0x71 c:/nxp/lpcxpresso_6.0.2_151/lpcxpresso/tools/bin/../lib/gcc/arm-none-eabi/4.6.2/../../../../arm-none-eabi/lib/armv7-m\libcr_c.a(fclose.o)
 .comment       0x00000000       0x71 c:/nxp/lpcxpresso_6.0.2_151/lpcxpresso/tools/bin/../lib/gcc/arm-none-eabi/4.6.2/../../../../arm-none-eabi/lib/armv7-m\libcr_c.a(fflush.o)
 .comment       0x00000000       0x71 c:/nxp/lpcxpresso_6.0.2_151/lpcxpresso/tools/bin/../lib/gcc/arm-none-eabi/4.6.2/../../../../arm-none-eabi/lib/armv7-m\libcr_c.a(fseek.o)
 .comment       0x00000000       0x71 c:/nxp/lpcxpresso_6.0.2_151/lpcxpresso/tools/bin/../lib/gcc/arm-none-eabi/4.6.2/../../../../arm-none-eabi/lib/armv7-m\libcr_c.a(ftell.o)
 .comment       0x00000000       0x71 c:/nxp/lpcxpresso_6.0.2_151/lpcxpresso/tools/bin/../lib/gcc/arm-none-eabi/4.6.2/../../../../arm-none-eabi/lib/armv7-m\libcr_c.a(remove.o)
 .comment       0x00000000       0x71 c:/nxp/lpcxpresso_6.0.2_151/lpcxpresso/tools/bin/../lib/gcc/arm-none-eabi/4.6.2/../../../../arm-none-eabi/lib/armv7-m\libcr_c.a(strlen.o)
 .comment       0x00000000       0x71 c:/nxp/lpcxpresso_6.0.2_151/lpcxpresso/tools/bin/../lib/gcc/arm-none-eabi/4.6.2/../../../../arm-none-eabi/lib/armv7-m\libcr_c.a(__init_alloc.o)
 .comment       0x00000000       0x71 c:/nxp/lpcxpresso_6.0.2_151/lpcxpresso/tools/bin/../lib/gcc/arm-none-eabi/4.6.2/../../../../arm-none-eabi/lib/armv7-m\libcr_c.a(_do_fflush.o)
 .comment       0x00000000       0x71 c:/nxp/lpcxpresso_6.0.2_151/lpcxpresso/tools/bin/../lib/gcc/arm-none-eabi/4.6.2/../../../../arm-none-eabi/lib/armv7-m\libcr_c.a(errno.o)
 .comment       0x00000000       0x71 c:/nxp/lpcxpresso_6.0.2_151/lpcxpresso/tools/bin/../lib/gcc/arm-none-eabi/4.6.2/../../../../arm-none-eabi/lib/armv7-m\libcr_nohost.a(__sys_appexit.o)
 .comment       0x00000000       0x71 c:/nxp/lpcxpresso_6.0.2_151/lpcxpresso/tools/bin/../lib/gcc/arm-none-eabi/4.6.2/../../../../arm-none-eabi/lib/armv7-m\libcr_nohost.a(__sys_close.o)
 .comment       0x00000000       0x71 c:/nxp/lpcxpresso_6.0.2_151/lpcxpresso/tools/bin/../lib/gcc/arm-none-eabi/4.6.2/../../../../arm-none-eabi/lib/armv7-m\libcr_nohost.a(__sys_flen.o)
 .comment       0x00000000       0x71 c:/nxp/lpcxpresso_6.0.2_151/lpcxpresso/tools/bin/../lib/gcc/arm-none-eabi/4.6.2/../../../../arm-none-eabi/lib/armv7-m\libcr_nohost.a(__sys_istty.o)
 .comment       0x00000000       0x71 c:/nxp/lpcxpresso_6.0.2_151/lpcxpresso/tools/bin/../lib/gcc/arm-none-eabi/4.6.2/../../../../arm-none-eabi/lib/armv7-m\libcr_nohost.a(__sys_read.o)
 .comment       0x00000000       0x71 c:/nxp/lpcxpresso_6.0.2_151/lpcxpresso/tools/bin/../lib/gcc/arm-none-eabi/4.6.2/../../../../arm-none-eabi/lib/armv7-m\libcr_nohost.a(__sys_remove.o)
 .comment       0x00000000       0x71 c:/nxp/lpcxpresso_6.0.2_151/lpcxpresso/tools/bin/../lib/gcc/arm-none-eabi/4.6.2/../../../../arm-none-eabi/lib/armv7-m\libcr_nohost.a(__sys_rename.o)
 .comment       0x00000000       0x71 c:/nxp/lpcxpresso_6.0.2_151/lpcxpresso/tools/bin/../lib/gcc/arm-none-eabi/4.6.2/../../../../arm-none-eabi/lib/armv7-m\libcr_nohost.a(__sys_seek.o)
 .comment       0x00000000       0x71 c:/nxp/lpcxpresso_6.0.2_151/lpcxpresso/tools/bin/../lib/gcc/arm-none-eabi/4.6.2/../../../../arm-none-eabi/lib/armv7-m\libcr_nohost.a(__sys_tmpnam.o)
 .comment       0x00000000       0x71 c:/nxp/lpcxpresso_6.0.2_151/lpcxpresso/tools/bin/../lib/gcc/arm-none-eabi/4.6.2/../../../../arm-none-eabi/lib/armv7-m\libcr_nohost.a(_cr_sbrk.o)
 .comment       0x00000000       0x71 c:/nxp/lpcxpresso_6.0.2_151/lpcxpresso/tools/bin/../lib/gcc/arm-none-eabi/4.6.2/../../../../arm-none-eabi/lib/armv7-m\libcr_nohost.a(_cr_check_heap.o)

.ARM.attributes
                0x00000000       0x31
 .ARM.attributes
                0x00000000       0x33 ./src/cr_startup_lpc177x_8x.o
 .ARM.attributes
                0x00000033       0x33 ./src/crp.o
 .ARM.attributes
                0x00000066       0x33 ./src/gpio.o
 .ARM.attributes
                0x00000099       0x33 ./src/main.o
 .ARM.attributes
                0x000000cc       0x33 ./src/retarget.o
 .ARM.attributes
                0x000000ff       0x33 ./src/uart.o
 .ARM.attributes
                0x00000132       0x33 X:\rmc\CMSIS_CORE_LPC177x_8x\Debug\libCMSIS_CORE_LPC177x_8x.a(system_LPC177x_8x.o)
 .ARM.attributes
                0x00000165       0x33 c:/nxp/lpcxpresso_6.0.2_151/lpcxpresso/tools/bin/../lib/gcc/arm-none-eabi/4.6.2/../../../../arm-none-eabi/lib/armv7-m\libcr_nohost.a(_cr__main.o)
 .ARM.attributes
                0x00000198       0x33 c:/nxp/lpcxpresso_6.0.2_151/lpcxpresso/tools/bin/../lib/gcc/arm-none-eabi/4.6.2/../../../../arm-none-eabi/lib/armv7-m\libcr_c.a(memcpy.o)
 .ARM.attributes
                0x000001cb       0x33 c:/nxp/lpcxpresso_6.0.2_151/lpcxpresso/tools/bin/../lib/gcc/arm-none-eabi/4.6.2/../../../../arm-none-eabi/lib/armv7-m\libcr_c.a(initio.o)
 .ARM.attributes
                0x000001fe       0x33 c:/nxp/lpcxpresso_6.0.2_151/lpcxpresso/tools/bin/../lib/gcc/arm-none-eabi/4.6.2/../../../../arm-none-eabi/lib/armv7-m\libcr_c.a(setvbuf.o)
 .ARM.attributes
                0x00000231       0x33 c:/nxp/lpcxpresso_6.0.2_151/lpcxpresso/tools/bin/../lib/gcc/arm-none-eabi/4.6.2/../../../../arm-none-eabi/lib/armv7-m\libcr_c.a(stdio.o)
 .ARM.attributes
                0x00000264       0x33 c:/nxp/lpcxpresso_6.0.2_151/lpcxpresso/tools/bin/../lib/gcc/arm-none-eabi/4.6.2/../../../../arm-none-eabi/lib/armv7-m\libcr_c.a(memset.o)
 .ARM.attributes
                0x00000297       0x33 c:/nxp/lpcxpresso_6.0.2_151/lpcxpresso/tools/bin/../lib/gcc/arm-none-eabi/4.6.2/../../../../arm-none-eabi/lib/armv7-m\libcr_c.a(__fillbuf.o)
 .ARM.attributes
                0x000002ca       0x33 c:/nxp/lpcxpresso_6.0.2_151/lpcxpresso/tools/bin/../lib/gcc/arm-none-eabi/4.6.2/../../../../arm-none-eabi/lib/armv7-m\libcr_c.a(_deferredlazyseek.o)
 .ARM.attributes
                0x000002fd       0x33 c:/nxp/lpcxpresso_6.0.2_151/lpcxpresso/tools/bin/../lib/gcc/arm-none-eabi/4.6.2/../../../../arm-none-eabi/lib/armv7-m\libcr_c.a(_fdopen.o)
 .ARM.attributes
                0x00000330       0x33 c:/nxp/lpcxpresso_6.0.2_151/lpcxpresso/tools/bin/../lib/gcc/arm-none-eabi/4.6.2/../../../../arm-none-eabi/lib/armv7-m\libcr_c.a(_fflush.o)
 .ARM.attributes
                0x00000363       0x33 c:/nxp/lpcxpresso_6.0.2_151/lpcxpresso/tools/bin/../lib/gcc/arm-none-eabi/4.6.2/../../../../arm-none-eabi/lib/armv7-m\libcr_c.a(_writebuf.o)
 .ARM.attributes
                0x00000396       0x33 c:/nxp/lpcxpresso_6.0.2_151/lpcxpresso/tools/bin/../lib/gcc/arm-none-eabi/4.6.2/../../../../arm-none-eabi/lib/armv7-m\libcr_c.a(alloc.o)
 .ARM.attributes
                0x000003c9       0x33 c:/nxp/lpcxpresso_6.0.2_151/lpcxpresso/tools/bin/../lib/gcc/arm-none-eabi/4.6.2/../../../../arm-none-eabi/lib/armv7-m\libcr_c.a(fclose.o)
 .ARM.attributes
                0x000003fc       0x33 c:/nxp/lpcxpresso_6.0.2_151/lpcxpresso/tools/bin/../lib/gcc/arm-none-eabi/4.6.2/../../../../arm-none-eabi/lib/armv7-m\libcr_c.a(fflush.o)
 .ARM.attributes
                0x0000042f       0x33 c:/nxp/lpcxpresso_6.0.2_151/lpcxpresso/tools/bin/../lib/gcc/arm-none-eabi/4.6.2/../../../../arm-none-eabi/lib/armv7-m\libcr_c.a(fseek.o)
 .ARM.attributes
                0x00000462       0x33 c:/nxp/lpcxpresso_6.0.2_151/lpcxpresso/tools/bin/../lib/gcc/arm-none-eabi/4.6.2/../../../../arm-none-eabi/lib/armv7-m\libcr_c.a(ftell.o)
 .ARM.attributes
                0x00000495       0x33 c:/nxp/lpcxpresso_6.0.2_151/lpcxpresso/tools/bin/../lib/gcc/arm-none-eabi/4.6.2/../../../../arm-none-eabi/lib/armv7-m\libcr_c.a(remove.o)
 .ARM.attributes
                0x000004c8       0x33 c:/nxp/lpcxpresso_6.0.2_151/lpcxpresso/tools/bin/../lib/gcc/arm-none-eabi/4.6.2/../../../../arm-none-eabi/lib/armv7-m\libcr_c.a(strlen.o)
 .ARM.attributes
                0x000004fb       0x33 c:/nxp/lpcxpresso_6.0.2_151/lpcxpresso/tools/bin/../lib/gcc/arm-none-eabi/4.6.2/../../../../arm-none-eabi/lib/armv7-m\libcr_c.a(__init_alloc.o)
 .ARM.attributes
                0x0000052e       0x33 c:/nxp/lpcxpresso_6.0.2_151/lpcxpresso/tools/bin/../lib/gcc/arm-none-eabi/4.6.2/../../../../arm-none-eabi/lib/armv7-m\libcr_c.a(_do_fflush.o)
 .ARM.attributes
                0x00000561       0x33 c:/nxp/lpcxpresso_6.0.2_151/lpcxpresso/tools/bin/../lib/gcc/arm-none-eabi/4.6.2/../../../../arm-none-eabi/lib/armv7-m\libcr_c.a(errno.o)
 .ARM.attributes
                0x00000594       0x21 c:/nxp/lpcxpresso_6.0.2_151/lpcxpresso/tools/bin/../lib/gcc/arm-none-eabi/4.6.2/armv7-m\libcr_eabihelpers.a(memcpy.o)
 .ARM.attributes
                0x000005b5       0x33 c:/nxp/lpcxpresso_6.0.2_151/lpcxpresso/tools/bin/../lib/gcc/arm-none-eabi/4.6.2/../../../../arm-none-eabi/lib/armv7-m\libcr_nohost.a(__sys_appexit.o)
 .ARM.attributes
                0x000005e8       0x33 c:/nxp/lpcxpresso_6.0.2_151/lpcxpresso/tools/bin/../lib/gcc/arm-none-eabi/4.6.2/../../../../arm-none-eabi/lib/armv7-m\libcr_nohost.a(__sys_close.o)
 .ARM.attributes
                0x0000061b       0x33 c:/nxp/lpcxpresso_6.0.2_151/lpcxpresso/tools/bin/../lib/gcc/arm-none-eabi/4.6.2/../../../../arm-none-eabi/lib/armv7-m\libcr_nohost.a(__sys_flen.o)
 .ARM.attributes
                0x0000064e       0x33 c:/nxp/lpcxpresso_6.0.2_151/lpcxpresso/tools/bin/../lib/gcc/arm-none-eabi/4.6.2/../../../../arm-none-eabi/lib/armv7-m\libcr_nohost.a(__sys_istty.o)
 .ARM.attributes
                0x00000681       0x33 c:/nxp/lpcxpresso_6.0.2_151/lpcxpresso/tools/bin/../lib/gcc/arm-none-eabi/4.6.2/../../../../arm-none-eabi/lib/armv7-m\libcr_nohost.a(__sys_read.o)
 .ARM.attributes
                0x000006b4       0x33 c:/nxp/lpcxpresso_6.0.2_151/lpcxpresso/tools/bin/../lib/gcc/arm-none-eabi/4.6.2/../../../../arm-none-eabi/lib/armv7-m\libcr_nohost.a(__sys_remove.o)
 .ARM.attributes
                0x000006e7       0x33 c:/nxp/lpcxpresso_6.0.2_151/lpcxpresso/tools/bin/../lib/gcc/arm-none-eabi/4.6.2/../../../../arm-none-eabi/lib/armv7-m\libcr_nohost.a(__sys_rename.o)
 .ARM.attributes
                0x0000071a       0x33 c:/nxp/lpcxpresso_6.0.2_151/lpcxpresso/tools/bin/../lib/gcc/arm-none-eabi/4.6.2/../../../../arm-none-eabi/lib/armv7-m\libcr_nohost.a(__sys_seek.o)
 .ARM.attributes
                0x0000074d       0x33 c:/nxp/lpcxpresso_6.0.2_151/lpcxpresso/tools/bin/../lib/gcc/arm-none-eabi/4.6.2/../../../../arm-none-eabi/lib/armv7-m\libcr_nohost.a(__sys_tmpnam.o)
 .ARM.attributes
                0x00000780       0x33 c:/nxp/lpcxpresso_6.0.2_151/lpcxpresso/tools/bin/../lib/gcc/arm-none-eabi/4.6.2/../../../../arm-none-eabi/lib/armv7-m\libcr_nohost.a(_cr_sbrk.o)
 .ARM.attributes
                0x000007b3       0x33 c:/nxp/lpcxpresso_6.0.2_151/lpcxpresso/tools/bin/../lib/gcc/arm-none-eabi/4.6.2/../../../../arm-none-eabi/lib/armv7-m\libcr_nohost.a(_cr_check_heap.o)

.debug_frame    0x00000000      0x530
 .debug_frame   0x00000000       0xf4 ./src/cr_startup_lpc177x_8x.o
 .debug_frame   0x000000f4       0x64 ./src/gpio.o
 .debug_frame   0x00000158       0x28 ./src/main.o
 .debug_frame   0x00000180       0x50 ./src/retarget.o
 .debug_frame   0x000001d0      0x328 ./src/uart.o
 .debug_frame   0x000004f8       0x38 X:\rmc\CMSIS_CORE_LPC177x_8x\Debug\libCMSIS_CORE_LPC177x_8x.a(system_LPC177x_8x.o)
